[DEBUG] script_dir: /home/choi/EONSim/src
[DEBUG] yaml_config_path: /home/choi/EONSim/configs/spad_off.yaml
[DEBUG] mnpusim_config_path: /home/choi/EONSim/configs/mNPUsim_related
[DEBUG] yaml_config_path: /home/choi/EONSim/configs/spad_off.yaml
[DEBUG] Vector Unit - Lanes: 128, Sublanes: 8, ALUs per sublanes: 4
[DEBUG] Matrix Unit - MXU dimension: 128, Number of MXUs: 4
[DEBUG] Memory - Type: spad, Size: 1 KB, Policy: spad_naive

╔════════════════════════════════════════════════════════════════════════════════════════════════════╗
║▒▒▒▒▒▒▒▒▒▒▒▒▒▒▒▒▒▒▒▒▒▒▒▒▒▒▒▒▒▒▒《 General Simulation Configuration 》▒▒▒▒▒▒▒▒▒▒▒▒▒▒▒▒▒▒▒▒▒▒▒▒▒▒▒▒▒▒▒║
╠════════════════════════════════════════════════════════════════════════════════════════════════════╣
║ Dataset: /home/choi/EONSim/datasets/vectordb/deep250m_10m.txt                                      ║
║ Numeric format: 32 bits                                                                            ║
║ Num batches: 1                                                                                     ║
║ Num tables: 1                                                                                      ║
║ Batch Size (samples per batch): 1                                                                  ║
║ Vectors per table: 250000000                                                                       ║
║ Lookups per sample: 2500000                                                                        ║
║ Embedding Dimension 96                                                                             ║
╚════════════════════════════════════════════════════════════════════════════════════════════════════╝
(Time elapsed(s) in model and data gen:   2.336220sec)
[DEBUG] lS_i shape: (1, 1, 2500000)
[DEBUG] addr_trace shape: (1, 1, 7500000)
Starting multiprocessing with 127 cores...
(Time elapsed(s) in address generation:  36.585447sec)
[DEBUG] self.offmem_trace shape: (1, 1, 7500000)

╔════════════════════════════════════════════════════════════════════════════════════════════════════╗
║▒▒▒▒▒▒▒▒▒▒▒▒▒▒▒▒▒▒▒▒▒▒▒▒▒▒▒▒▒▒▒▒▒《 On-Chip Memory Configuration 》▒▒▒▒▒▒▒▒▒▒▒▒▒▒▒▒▒▒▒▒▒▒▒▒▒▒▒▒▒▒▒▒▒║
╠════════════════════════════════════════════════════════════════════════════════════════════════════╣
║ Memory size: 1024 B (0 MB)                                                                         ║
║ Memory type: spad                                                                                  ║
║ Memory policy: spad_naive                                                                          ║
╚════════════════════════════════════════════════════════════════════════════════════════════════════╝
[DEBUG] t_i: 0
[DEBUG] on_mem has 8 elements.
on mem data structure size: 0.71 KB
(Time elapsed(s) in create memory structure:   0.013475sec)

╔════════════════════════════════════════════════════════════════════════════════════════════════════╗
║▒▒▒▒▒▒▒▒▒▒▒▒▒▒▒▒▒▒▒▒▒▒▒▒▒▒▒▒▒▒▒▒▒▒▒▒▒▒▒《 Simulation Start 》▒▒▒▒▒▒▒▒▒▒▒▒▒▒▒▒▒▒▒▒▒▒▒▒▒▒▒▒▒▒▒▒▒▒▒▒▒▒▒║
╚════════════════════════════════════════════════════════════════════════════════════════════════════╝
Simulation for batch 0...
Simulation Done

╔════════════════════════════════════════════════════════════════════════════════════════════════════╗
║▒▒▒▒▒▒▒▒▒▒▒▒▒▒▒▒▒▒▒▒▒▒▒▒▒▒▒▒▒▒▒▒▒▒▒▒▒▒《 Simulation Results 》▒▒▒▒▒▒▒▒▒▒▒▒▒▒▒▒▒▒▒▒▒▒▒▒▒▒▒▒▒▒▒▒▒▒▒▒▒▒║
╠════════════════════════════════════════════════════════════════════════════════════════════════════╣
║ Total hit ratio: 0.0000                                                                            ║
║ Total accesses: 7500000                                                                            ║
║ Total hits: 0                                                                                      ║
║ Total misses: 7500000                                                                              ║
║                                                                                                    ║
║ Per batch results:                                                                                 ║
║ [Batch 0] hit ratio: 0.0000 accesses: 7500000 hits: 0 misses: 7500000                              ║
║ [Batch 0] spad load: 0                                                                             ║
╚════════════════════════════════════════════════════════════════════════════════════════════════════╝
(Time elapsed(s) in do simulation:   0.059475sec)



 START OFF-CHIP MEMORY SIMULATION 

[DEBUG] Starting off-chip memory simulation...
[DEBUG] Created intermediate directory: /home/choi/EONSim/intermediate
[DEBUG] Removed existing dram_config directory
[DEBUG] Removed existing npumem_config directory
[DEBUG] Copied dram_config from /home/choi/EONSim/configs/mNPUsim_related/dram_config to /home/choi/simulators/mNPUsim/eonsim_config/dram_config
[DEBUG] Copied npumem_config from /home/choi/EONSim/configs/mNPUsim_related/npumem_config to /home/choi/simulators/mNPUsim/eonsim_config/npumem_config
[DEBUG] Generated trace file: /home/choi/EONSim/intermediate/offmem_trace_flat.txt
[DEBUG] Total elements in offmem_trace: 7500000
[DEBUG] -1 count in offmem_trace: 0
[DEBUG] -1 ratio in offmem_trace: 0.0000
[DEBUG] Removed existing eonsim_results directory
[DEBUG] DRAM config path: eonsim_config/dram_config/total_dram_config/single_hbm3_819gbs.cfg
[DEBUG] NPU memory config path: eonsim_config/npumem_config/npumem_architecture_list/single.txt
[DEBUG] DRAM config file verified: /home/choi/simulators/mNPUsim/eonsim_config/dram_config/total_dram_config/single_hbm3_819gbs.cfg
[DEBUG] NPU memory config file verified: /home/choi/simulators/mNPUsim/eonsim_config/npumem_config/npumem_architecture_list/single.txt
[DEBUG] Executing mnpusim...
[DEBUG] LD_LIBRARY_PATH: /home/choi/simulators/mNPUsim/DRAMsim3
[DEBUG] mnpusim execution completed. Output saved to /home/choi/EONSim/intermediate/output.txt
[DEBUG] Copied result directory to /home/choi/EONSim/intermediate/result
[RESULT] mNPUsim cycles: 1834377

╔════════════════════════════════════════════════════════════════════════════════════════════════════╗
║▒▒▒▒▒▒▒▒▒▒▒▒▒▒▒▒▒▒▒▒▒▒▒▒▒▒▒▒▒▒《 Off-chip Memory Simulation Results 》▒▒▒▒▒▒▒▒▒▒▒▒▒▒▒▒▒▒▒▒▒▒▒▒▒▒▒▒▒▒║
╠════════════════════════════════════════════════════════════════════════════════════════════════════╣
║ Off-chip Memory Cycles: 1834377                                                                    ║
║ Results Directory: /home/choi/EONSim/intermediate                                                  ║
╚════════════════════════════════════════════════════════════════════════════════════════════════════╝
(Time elapsed(s) in off-chip memory simulation:  50.765264sec)
