[DEBUG] script_dir: /home/choi/EONSim/src
[DEBUG] yaml_config_path: /home/choi/EONSim/configs/profile_dcount.yaml
[DEBUG] mnpusim_config_path: /home/choi/EONSim/configs/mNPUsim_related
[DEBUG] yaml_config_path: /home/choi/EONSim/configs/profile_dcount.yaml
[DEBUG] Vector Unit - Lanes: 128, Sublanes: 8, ALUs per sublanes: 4
[DEBUG] Matrix Unit - MXU dimension: 128, Number of MXUs: 4
[DEBUG] Memory - Type: profile, Size: 131072 KB, Policy: profile_dynamic_count

╔════════════════════════════════════════════════════════════════════════════════════════════════════╗
║▒▒▒▒▒▒▒▒▒▒▒▒▒▒▒▒▒▒▒▒▒▒▒▒▒▒▒▒▒▒▒《 General Simulation Configuration 》▒▒▒▒▒▒▒▒▒▒▒▒▒▒▒▒▒▒▒▒▒▒▒▒▒▒▒▒▒▒▒║
╠════════════════════════════════════════════════════════════════════════════════════════════════════╣
║ Dataset: /home/choi/EONSim/datasets/vectordb/deep250m_small_100m.txt                               ║
║ Numeric format: 32 bits                                                                            ║
║ Num batches: 15                                                                                    ║
║ Num tables: 1                                                                                      ║
║ Batch Size (samples per batch): 32                                                                 ║
║ Vectors per table: 250000000                                                                       ║
║ Lookups per sample: 122070                                                                         ║
║ Embedding Dimension 96                                                                             ║
╚════════════════════════════════════════════════════════════════════════════════════════════════════╝
(Time elapsed(s) in model and data gen:  24.475700sec)
[DEBUG] lS_i shape: (15, 1, 3906240)
[DEBUG] addr_trace shape: (15, 1, 11718720)
Starting multiprocessing with 127 cores...
(Time elapsed(s) in address generation:  64.549064sec)
[DEBUG] profiled_path: /home/choi/EONSim/datasets/profiled_datasets/deep250m_small_100m.txt
[DEBUG] self.offmem_trace shape: (15, 1, 11718720)
[DEBUG] cache_way: 128 cache_line_size: 128 cache_set: 8192

╔════════════════════════════════════════════════════════════════════════════════════════════════════╗
║▒▒▒▒▒▒▒▒▒▒▒▒▒▒▒▒▒▒▒▒▒▒▒▒▒▒▒▒▒▒▒▒▒《 On-Chip Memory Configuration 》▒▒▒▒▒▒▒▒▒▒▒▒▒▒▒▒▒▒▒▒▒▒▒▒▒▒▒▒▒▒▒▒▒║
╠════════════════════════════════════════════════════════════════════════════════════════════════════╣
║ Memory size: 134217728 B (128 MB)                                                                  ║
║ Memory type: profile                                                                               ║
║ Memory policy: profile_dynamic_count                                                               ║
╚════════════════════════════════════════════════════════════════════════════════════════════════════╝
[DEBUG] counter array is empty. Set the spad with the naive method.
on mem data structure size: 8192.11 KB
(Time elapsed(s) in create memory structure:   4.914972sec)

╔════════════════════════════════════════════════════════════════════════════════════════════════════╗
║▒▒▒▒▒▒▒▒▒▒▒▒▒▒▒▒▒▒▒▒▒▒▒▒▒▒▒▒▒▒▒▒▒▒▒▒▒▒▒《 Simulation Start 》▒▒▒▒▒▒▒▒▒▒▒▒▒▒▒▒▒▒▒▒▒▒▒▒▒▒▒▒▒▒▒▒▒▒▒▒▒▒▒║
╚════════════════════════════════════════════════════════════════════════════════════════════════════╝
[DEBUG] dynamic_counter_threshold: 2343744000
Simulation for batch 0...
Simulation for batch 1...
Simulation for batch 2...
Simulation for batch 3...
Simulation for batch 4...
Simulation for batch 5...
Simulation for batch 6...
Simulation for batch 7...
Simulation for batch 8...
Simulation for batch 9...
[DEBUG] shape of addresses during dcount set_spad: (349525, 3)
[DEBUG] shape of on_mem_set during dcount set_spad: (1048575,)
Simulation for batch 10...
Simulation for batch 11...
Simulation for batch 12...
Simulation for batch 13...
Simulation for batch 14...
Simulation Done

╔════════════════════════════════════════════════════════════════════════════════════════════════════╗
║▒▒▒▒▒▒▒▒▒▒▒▒▒▒▒▒▒▒▒▒▒▒▒▒▒▒▒▒▒▒▒▒▒▒▒▒▒▒《 Simulation Results 》▒▒▒▒▒▒▒▒▒▒▒▒▒▒▒▒▒▒▒▒▒▒▒▒▒▒▒▒▒▒▒▒▒▒▒▒▒▒║
╠════════════════════════════════════════════════════════════════════════════════════════════════════╣
║ Total hit ratio: 0.5067                                                                            ║
║ Total accesses: 175780800                                                                          ║
║ Total hits: 89075831                                                                               ║
║ Total misses: 86704969                                                                             ║
║                                                                                                    ║
║ Per batch results:                                                                                 ║
║ [Batch 0] hit ratio: 0.3285 accesses: 11718720 hits: 3849252 misses: 7869468                       ║
║ [Batch 0] spad load: 0                                                                             ║
║ [Batch 1] hit ratio: 0.3211 accesses: 11718720 hits: 3762648 misses: 7956072                       ║
║ [Batch 1] spad load: 0                                                                             ║
║ [Batch 2] hit ratio: 0.3373 accesses: 11718720 hits: 3952741 misses: 7765979                       ║
║ [Batch 2] spad load: 0                                                                             ║
║ [Batch 3] hit ratio: 0.3163 accesses: 11718720 hits: 3706379 misses: 8012341                       ║
║ [Batch 3] spad load: 0                                                                             ║
║ [Batch 4] hit ratio: 0.3311 accesses: 11718720 hits: 3879581 misses: 7839139                       ║
║ [Batch 4] spad load: 0                                                                             ║
║ [Batch 5] hit ratio: 0.3191 accesses: 11718720 hits: 3738943 misses: 7979777                       ║
║ [Batch 5] spad load: 0                                                                             ║
║ [Batch 6] hit ratio: 0.3254 accesses: 11718720 hits: 3813336 misses: 7905384                       ║
║ [Batch 6] spad load: 0                                                                             ║
║ [Batch 7] hit ratio: 0.3195 accesses: 11718720 hits: 3743922 misses: 7974798                       ║
║ [Batch 7] spad load: 0                                                                             ║
║ [Batch 8] hit ratio: 0.3238 accesses: 11718720 hits: 3794087 misses: 7924633                       ║
║ [Batch 8] spad load: 0                                                                             ║
║ [Batch 9] hit ratio: 0.3257 accesses: 11718720 hits: 3817146 misses: 7901574                       ║
║ [Batch 9] spad load: 1048576                                                                       ║
║ [Batch 10] hit ratio: 0.8640 accesses: 11718720 hits: 10124874 misses: 1593846                     ║
║ [Batch 10] spad load: 0                                                                            ║
║ [Batch 11] hit ratio: 0.8585 accesses: 11718720 hits: 10060512 misses: 1658208                     ║
║ [Batch 11] spad load: 0                                                                            ║
║ [Batch 12] hit ratio: 0.8671 accesses: 11718720 hits: 10161705 misses: 1557015                     ║
║ [Batch 12] spad load: 0                                                                            ║
║ [Batch 13] hit ratio: 0.8749 accesses: 11718720 hits: 10252320 misses: 1466400                     ║
║ [Batch 13] spad load: 0                                                                            ║
║ [Batch 14] hit ratio: 0.8890 accesses: 11718720 hits: 10418385 misses: 1300335                     ║
║ [Batch 14] spad load: 0                                                                            ║
╚════════════════════════════════════════════════════════════════════════════════════════════════════╝
(Time elapsed(s) in do simulation: 203.726249sec)



 START OFF-CHIP MEMORY SIMULATION 

[DEBUG] Starting off-chip memory simulation...
[DEBUG] Created intermediate directory: /home/choi/EONSim/intermediate_316135
[DEBUG] Created eonsim_results directory name: eonsim_results_100797
[DEBUG] Removed existing dram_config directory
[DEBUG] Removed existing npumem_config directory
[DEBUG] Copied dram_config from /home/choi/EONSim/configs/mNPUsim_related/dram_config to /home/choi/simulators/mNPUsim/eonsim_config/dram_config
[DEBUG] Copied npumem_config from /home/choi/EONSim/configs/mNPUsim_related/npumem_config to /home/choi/simulators/mNPUsim/eonsim_config/npumem_config
[DEBUG] Generated trace file: /home/choi/EONSim/intermediate_316135/offmem_trace_flat.txt
[DEBUG] Total elements in offmem_trace: 11718720
[DEBUG] -1 count in offmem_trace: 10418385
[DEBUG] -1 ratio in offmem_trace: 0.8890
[DEBUG] DRAM config path: eonsim_config/dram_config/total_dram_config/single_hbm3_819gbs.cfg
[DEBUG] NPU memory config path: eonsim_config/npumem_config/npumem_architecture_list/single.txt
[DEBUG] DRAM config file verified: /home/choi/simulators/mNPUsim/eonsim_config/dram_config/total_dram_config/single_hbm3_819gbs.cfg
[DEBUG] NPU memory config file verified: /home/choi/simulators/mNPUsim/eonsim_config/npumem_config/npumem_architecture_list/single.txt
[DEBUG] Executing mnpusim...
[DEBUG] LD_LIBRARY_PATH: /home/choi/simulators/mNPUsim/DRAMsim3
[DEBUG] mnpusim execution completed. Output saved to /home/choi/EONSim/intermediate_316135/output.txt
[DEBUG] Copied result directory to /home/choi/EONSim/intermediate_316135/result
[RESULT] mNPUsim cycles: 320534

╔════════════════════════════════════════════════════════════════════════════════════════════════════╗
║▒▒▒▒▒▒▒▒▒▒▒▒▒▒▒▒▒▒▒▒▒▒▒▒▒▒▒▒▒▒《 Off-chip Memory Simulation Results 》▒▒▒▒▒▒▒▒▒▒▒▒▒▒▒▒▒▒▒▒▒▒▒▒▒▒▒▒▒▒║
╠════════════════════════════════════════════════════════════════════════════════════════════════════╣
║ Off-chip Memory Cycles: 10738919                                                                   ║
║ Results Directory: /home/choi/EONSim/intermediate_316135                                           ║
╚════════════════════════════════════════════════════════════════════════════════════════════════════╝
[DEBUG] Cleaned up intermediate directory: /home/choi/EONSim/intermediate_316135
[DEBUG] Cleaned up eonsim_results directory: /home/choi/simulators/mNPUsim/eonsim_results_100797
(Time elapsed(s) in off-chip memory simulation:  11.541757sec)
[DEBUG] workload_type: vectordb



 START ENERGY ESTIMATION 

Setting parameters for energy estimation...
Setting workload configuration...
Setting energy table configuration...
 [DEBUG] action type and count for op 0: add 1499996160.0
 [DEBUG] action type and count for op 1: mul 1499996160.0
 [DEBUG] action type and count for op 0: add 1499996160.0
 [DEBUG] action type and count for op 1: mul 1499996160.0
 [DEBUG] action type and count for op 0: add 1499996160.0
 [DEBUG] action type and count for op 1: mul 1499996160.0
 [DEBUG] action type and count for op 0: add 1499996160.0
 [DEBUG] action type and count for op 1: mul 1499996160.0
 [DEBUG] action type and count for op 0: add 1499996160.0
 [DEBUG] action type and count for op 1: mul 1499996160.0
 [DEBUG] action type and count for op 0: add 1499996160.0
 [DEBUG] action type and count for op 1: mul 1499996160.0
 [DEBUG] action type and count for op 0: add 1499996160.0
 [DEBUG] action type and count for op 1: mul 1499996160.0
 [DEBUG] action type and count for op 0: add 1499996160.0
 [DEBUG] action type and count for op 1: mul 1499996160.0
 [DEBUG] action type and count for op 0: add 1499996160.0
 [DEBUG] action type and count for op 1: mul 1499996160.0
 [DEBUG] action type and count for op 0: add 1499996160.0
 [DEBUG] action type and count for op 1: mul 1499996160.0
 [DEBUG] action type and count for op 0: add 1499996160.0
 [DEBUG] action type and count for op 1: mul 1499996160.0
 [DEBUG] action type and count for op 0: add 1499996160.0
 [DEBUG] action type and count for op 1: mul 1499996160.0
 [DEBUG] action type and count for op 0: add 1499996160.0
 [DEBUG] action type and count for op 1: mul 1499996160.0
 [DEBUG] action type and count for op 0: add 1499996160.0
 [DEBUG] action type and count for op 1: mul 1499996160.0
 [DEBUG] action type and count for op 0: add 1499996160.0
 [DEBUG] action type and count for op 1: mul 1499996160.0

╔════════════════════════════════════════════════════════════════════════════════════════════════════╗
║▒▒▒▒▒▒▒▒▒▒▒▒▒▒▒▒▒▒▒▒▒▒▒▒▒▒▒▒▒▒▒▒▒▒▒《 Energy Estimation Results 》▒▒▒▒▒▒▒▒▒▒▒▒▒▒▒▒▒▒▒▒▒▒▒▒▒▒▒▒▒▒▒▒▒▒▒║
╚════════════════════════════════════════════════════════════════════════════════════════════════════╝

╔════════════════════════════════════════════════════════════════════════════════════════════════════╗
║▒▒▒▒▒▒▒▒▒▒▒▒▒▒▒▒▒▒▒▒▒▒▒▒▒▒▒▒▒▒▒▒▒▒▒《 Energy Estimation Results 》▒▒▒▒▒▒▒▒▒▒▒▒▒▒▒▒▒▒▒▒▒▒▒▒▒▒▒▒▒▒▒▒▒▒▒║
╠════════════════════════════════════════════════════════════════════════════════════════════════════╣
║ Total Energy: 558557543697.920 pJ                                                                  ║
║ Off-chip Memory Energy: 485547826400.000 pJ (86.93%)                                               ║
║ On-chip Memory Energy: 42072296497.920 pJ (7.53%)                                                  ║
║ Operations Energy:                                                                                 ║
║   - Operation 0: 5062487040.000 pJ (0.91%)                                                         ║
║   - Operation 1: 20812446720.000 pJ (3.73%)                                                        ║
║   - Operation 2: 5022936360.000 pJ (0.90%)                                                         ║
║   - Operation 3: 39550680.000 pJ (0.01%)                                                           ║
║                                                                                                    ║
║ Per-Batch Energy:                                                                                  ║
║   - Batch 0:                                                                                       ║
║     Total Energy: 47949594224.640 pJ                                                               ║
║     Off-chip Memory Energy: 44069020800.000 pJ                                                     ║
║     On-chip Memory Energy: 1818078704.640 pJ                                                       ║
║     Operations Energy:                                                                             ║
║       - Operation 0: 337499136.000 pJ                                                              ║
║       - Operation 1: 1387496448.000 pJ                                                             ║
║       - Operation 2: 334862424.000 pJ                                                              ║
║       - Operation 3: 2636712.000 pJ                                                                ║
║   - Batch 1:                                                                                       ║
║     Total Energy: 48393671823.360 pJ                                                               ║
║     Off-chip Memory Energy: 44554003200.000 pJ                                                     ║
║     On-chip Memory Energy: 1777173903.360 pJ                                                       ║
║     Operations Energy:                                                                             ║
║       - Operation 0: 337499136.000 pJ                                                              ║
║       - Operation 1: 1387496448.000 pJ                                                             ║
║       - Operation 2: 334862424.000 pJ                                                              ║
║       - Operation 3: 2636712.000 pJ                                                                ║
║   - Batch 2:                                                                                       ║
║     Total Energy: 47418935749.120 pJ                                                               ║
║     Off-chip Memory Energy: 43489482400.000 pJ                                                     ║
║     On-chip Memory Energy: 1866958629.120 pJ                                                       ║
║     Operations Energy:                                                                             ║
║       - Operation 0: 337499136.000 pJ                                                              ║
║       - Operation 1: 1387496448.000 pJ                                                             ║
║       - Operation 2: 334862424.000 pJ                                                              ║
║       - Operation 3: 2636712.000 pJ                                                                ║
║   - Batch 3:                                                                                       ║
║     Total Energy: 48682201249.280 pJ                                                               ║
║     Off-chip Memory Energy: 44869109600.000 pJ                                                     ║
║     On-chip Memory Energy: 1750596929.280 pJ                                                       ║
║     Operations Energy:                                                                             ║
║       - Operation 0: 337499136.000 pJ                                                              ║
║       - Operation 1: 1387496448.000 pJ                                                             ║
║       - Operation 2: 334862424.000 pJ                                                              ║
║       - Operation 3: 2636712.000 pJ                                                                ║
║   - Batch 4:                                                                                       ║
║     Total Energy: 47794076817.920 pJ                                                               ║
║     Off-chip Memory Energy: 43899178400.000 pJ                                                     ║
║     On-chip Memory Energy: 1832403697.920 pJ                                                       ║
║     Operations Energy:                                                                             ║
║       - Operation 0: 337499136.000 pJ                                                              ║
║       - Operation 1: 1387496448.000 pJ                                                             ║
║       - Operation 2: 334862424.000 pJ                                                              ║
║       - Operation 3: 2636712.000 pJ                                                                ║
║   - Batch 5:                                                                                       ║
║     Total Energy: 48515223477.760 pJ                                                               ║
║     Off-chip Memory Energy: 44686751200.000 pJ                                                     ║
║     On-chip Memory Energy: 1765977557.760 pJ                                                       ║
║     Operations Energy:                                                                             ║
║       - Operation 0: 337499136.000 pJ                                                              ║
║       - Operation 1: 1387496448.000 pJ                                                             ║
║       - Operation 2: 334862424.000 pJ                                                              ║
║       - Operation 3: 2636712.000 pJ                                                                ║
║   - Batch 6:                                                                                       ║
║     Total Energy: 48133759979.520 pJ                                                               ║
║     Off-chip Memory Energy: 44270150400.000 pJ                                                     ║
║     On-chip Memory Energy: 1801114859.520 pJ                                                       ║
║     Operations Energy:                                                                             ║
║       - Operation 0: 337499136.000 pJ                                                              ║
║       - Operation 1: 1387496448.000 pJ                                                             ║
║       - Operation 2: 334862424.000 pJ                                                              ║
║       - Operation 3: 2636712.000 pJ                                                                ║
║   - Batch 7:                                                                                       ║
║     Total Energy: 48489692759.040 pJ                                                               ║
║     Off-chip Memory Energy: 44658868800.000 pJ                                                     ║
║     On-chip Memory Energy: 1768329239.040 pJ                                                       ║
║     Operations Energy:                                                                             ║
║       - Operation 0: 337499136.000 pJ                                                              ║
║       - Operation 1: 1387496448.000 pJ                                                             ║
║       - Operation 2: 334862424.000 pJ                                                              ║
║       - Operation 3: 2636712.000 pJ                                                                ║
║   - Batch 8:                                                                                       ║
║     Total Energy: 48232462691.840 pJ                                                               ║
║     Off-chip Memory Energy: 44377944800.000 pJ                                                     ║
║     On-chip Memory Energy: 1792023171.840 pJ                                                       ║
║     Operations Energy:                                                                             ║
║       - Operation 0: 337499136.000 pJ                                                              ║
║       - Operation 1: 1387496448.000 pJ                                                             ║
║       - Operation 2: 334862424.000 pJ                                                              ║
║       - Operation 3: 2636712.000 pJ                                                                ║
║   - Batch 9:                                                                                       ║
║     Total Energy: 48114223518.720 pJ                                                               ║
║     Off-chip Memory Energy: 44248814400.000 pJ                                                     ║
║     On-chip Memory Energy: 1802914398.720 pJ                                                       ║
║     Operations Energy:                                                                             ║
║       - Operation 0: 337499136.000 pJ                                                              ║
║       - Operation 1: 1387496448.000 pJ                                                             ║
║       - Operation 2: 334862424.000 pJ                                                              ║
║       - Operation 3: 2636712.000 pJ                                                                ║
║   - Batch 10:                                                                                      ║
║     Total Energy: 15770212807.680 pJ                                                               ║
║     Off-chip Memory Energy: 8925537600.000 pJ                                                      ║
║     On-chip Memory Energy: 4782180487.680 pJ                                                       ║
║     Operations Energy:                                                                             ║
║       - Operation 0: 337499136.000 pJ                                                              ║
║       - Operation 1: 1387496448.000 pJ                                                             ║
║       - Operation 2: 334862424.000 pJ                                                              ║
║       - Operation 3: 2636712.000 pJ                                                                ║
║   - Batch 11:                                                                                      ║
║     Total Energy: 16100240547.840 pJ                                                               ║
║     Off-chip Memory Energy: 9285964800.000 pJ                                                      ║
║     On-chip Memory Energy: 4751781027.840 pJ                                                       ║
║     Operations Energy:                                                                             ║
║       - Operation 0: 337499136.000 pJ                                                              ║
║       - Operation 1: 1387496448.000 pJ                                                             ║
║       - Operation 2: 334862424.000 pJ                                                              ║
║       - Operation 3: 2636712.000 pJ                                                                ║
║   - Batch 12:                                                                                      ║
║     Total Energy: 15581355225.600 pJ                                                               ║
║     Off-chip Memory Energy: 8719284000.000 pJ                                                      ║
║     On-chip Memory Energy: 4799576505.600 pJ                                                       ║
║     Operations Energy:                                                                             ║
║       - Operation 0: 337499136.000 pJ                                                              ║
║       - Operation 1: 1387496448.000 pJ                                                             ║
║       - Operation 2: 334862424.000 pJ                                                              ║
║       - Operation 3: 2636712.000 pJ                                                                ║
║   - Batch 13:                                                                                      ║
║     Total Energy: 15116710502.400 pJ                                                               ║
║     Off-chip Memory Energy: 8211840000.000 pJ                                                      ║
║     On-chip Memory Energy: 4842375782.400 pJ                                                       ║
║     Operations Energy:                                                                             ║
║       - Operation 0: 337499136.000 pJ                                                              ║
║       - Operation 1: 1387496448.000 pJ                                                             ║
║       - Operation 2: 334862424.000 pJ                                                              ║
║       - Operation 3: 2636712.000 pJ                                                                ║
║   - Batch 14:                                                                                      ║
║     Total Energy: 14265182323.200 pJ                                                               ║
║     Off-chip Memory Energy: 7281876000.000 pJ                                                      ║
║     On-chip Memory Energy: 4920811603.200 pJ                                                       ║
║     Operations Energy:                                                                             ║
║       - Operation 0: 337499136.000 pJ                                                              ║
║       - Operation 1: 1387496448.000 pJ                                                             ║
║       - Operation 2: 334862424.000 pJ                                                              ║
║       - Operation 3: 2636712.000 pJ                                                                ║
╚════════════════════════════════════════════════════════════════════════════════════════════════════╝
(Time elapsed(s) in energy estimation:   0.004779sec)
