[DEBUG] script_dir: /home/choi/EONSim/src
[DEBUG] yaml_config_path: /home/choi/EONSim/configs/cache_LRU.yaml
[DEBUG] mnpusim_config_path: /home/choi/EONSim/configs/mNPUsim_related
[DEBUG] yaml_config_path: /home/choi/EONSim/configs/cache_LRU.yaml
[DEBUG] Vector Unit - Lanes: 128, Sublanes: 8, ALUs per sublanes: 4
[DEBUG] Matrix Unit - MXU dimension: 128, Number of MXUs: 4
[DEBUG] Memory - Type: cache, Size: 131072 KB, Policy: cache_LRU

╔════════════════════════════════════════════════════════════════════════════════════════════════════╗
║▒▒▒▒▒▒▒▒▒▒▒▒▒▒▒▒▒▒▒▒▒▒▒▒▒▒▒▒▒▒▒《 General Simulation Configuration 》▒▒▒▒▒▒▒▒▒▒▒▒▒▒▒▒▒▒▒▒▒▒▒▒▒▒▒▒▒▒▒║
╠════════════════════════════════════════════════════════════════════════════════════════════════════╣
║ Dataset: /home/choi/EONSim/datasets/vectordb/deep250m_small_100m.txt                               ║
║ Numeric format: 32 bits                                                                            ║
║ Num batches: 15                                                                                    ║
║ Num tables: 1                                                                                      ║
║ Batch Size (samples per batch): 32                                                                 ║
║ Vectors per table: 250000000                                                                       ║
║ Lookups per sample: 122070                                                                         ║
║ Embedding Dimension 96                                                                             ║
╚════════════════════════════════════════════════════════════════════════════════════════════════════╝
(Time elapsed(s) in model and data gen:  25.168234sec)
[DEBUG] lS_i shape: (15, 1, 3906240)
[DEBUG] addr_trace shape: (15, 1, 11718720)
Starting multiprocessing with 127 cores...
(Time elapsed(s) in address generation:  60.802021sec)
[DEBUG] self.offmem_trace shape: (15, 1, 11718720)

╔════════════════════════════════════════════════════════════════════════════════════════════════════╗
║▒▒▒▒▒▒▒▒▒▒▒▒▒▒▒▒▒▒▒▒▒▒▒▒▒▒▒▒▒▒▒▒▒《 On-Chip Memory Configuration 》▒▒▒▒▒▒▒▒▒▒▒▒▒▒▒▒▒▒▒▒▒▒▒▒▒▒▒▒▒▒▒▒▒║
╠════════════════════════════════════════════════════════════════════════════════════════════════════╣
║ Memory size: 134217728 B (128 MB)                                                                  ║
║ Memory type: cache                                                                                 ║
║ Memory policy: cache_LRU                                                                           ║
║ Cache way: 16-way                                                                                  ║
║ Cache line size: 128 B                                                                             ║
║ Cache set: 65536 sets                                                                              ║
║ Cache tag bits: 25 bits                                                                            ║
╚════════════════════════════════════════════════════════════════════════════════════════════════════╝
on mem data structure size: 549.30 KB
(Time elapsed(s) in create memory structure:   6.472431sec)

╔════════════════════════════════════════════════════════════════════════════════════════════════════╗
║▒▒▒▒▒▒▒▒▒▒▒▒▒▒▒▒▒▒▒▒▒▒▒▒▒▒▒▒▒▒▒▒▒▒▒▒▒▒▒《 Simulation Start 》▒▒▒▒▒▒▒▒▒▒▒▒▒▒▒▒▒▒▒▒▒▒▒▒▒▒▒▒▒▒▒▒▒▒▒▒▒▒▒║
╚════════════════════════════════════════════════════════════════════════════════════════════════════╝
Processing batch 0...
Processing batch 1...
Processing batch 2...
Processing batch 3...
Processing batch 4...
Processing batch 5...
Processing batch 6...
Processing batch 7...
Processing batch 8...
Processing batch 9...
Processing batch 10...
Processing batch 11...
Processing batch 12...
Processing batch 13...
Processing batch 14...
Simulation Done

╔════════════════════════════════════════════════════════════════════════════════════════════════════╗
║▒▒▒▒▒▒▒▒▒▒▒▒▒▒▒▒▒▒▒▒▒▒▒▒▒▒▒▒▒▒▒▒▒▒▒▒▒▒《 Simulation Results 》▒▒▒▒▒▒▒▒▒▒▒▒▒▒▒▒▒▒▒▒▒▒▒▒▒▒▒▒▒▒▒▒▒▒▒▒▒▒║
╠════════════════════════════════════════════════════════════════════════════════════════════════════╣
║ Total hit ratio: 0.7180                                                                            ║
║ Total accesses: 175780800                                                                          ║
║ Total hits: 126215508                                                                              ║
║ Total misses: 49565292                                                                             ║
║ ----------------------------------------                                                           ║
║ Per batch results                                                                                  ║
║ [Batch 0] hit ratio: 0.6934   accesses: 11718720   hits: 8126139   misses: 3592581                 ║
║ [Batch 1] hit ratio: 0.7638   accesses: 11718720   hits: 8950779   misses: 2767941                 ║
║ [Batch 2] hit ratio: 0.6784   accesses: 11718720   hits: 7949736   misses: 3768984                 ║
║ [Batch 3] hit ratio: 0.7243   accesses: 11718720   hits: 8487630   misses: 3231090                 ║
║ [Batch 4] hit ratio: 0.7028   accesses: 11718720   hits: 8235498   misses: 3483222                 ║
║ [Batch 5] hit ratio: 0.7353   accesses: 11718720   hits: 8616951   misses: 3101769                 ║
║ [Batch 6] hit ratio: 0.7091   accesses: 11718720   hits: 8309214   misses: 3409506                 ║
║ [Batch 7] hit ratio: 0.7390   accesses: 11718720   hits: 8660703   misses: 3058017                 ║
║ [Batch 8] hit ratio: 0.7039   accesses: 11718720   hits: 8249139   misses: 3469581                 ║
║ [Batch 9] hit ratio: 0.7698   accesses: 11718720   hits: 9020952   misses: 2697768                 ║
║ [Batch 10] hit ratio: 0.7228   accesses: 11718720   hits: 8470134   misses: 3248586                ║
║ [Batch 11] hit ratio: 0.6751   accesses: 11718720   hits: 7911618   misses: 3807102                ║
║ [Batch 12] hit ratio: 0.7240   accesses: 11718720   hits: 8484453   misses: 3234267                ║
║ [Batch 13] hit ratio: 0.7329   accesses: 11718720   hits: 8588961   misses: 3129759                ║
║ [Batch 14] hit ratio: 0.6958   accesses: 11718720   hits: 8153601   misses: 3565119                ║
╚════════════════════════════════════════════════════════════════════════════════════════════════════╝
(Time elapsed(s) in do simulation: 367.849084sec)



 START OFF-CHIP MEMORY SIMULATION 

[DEBUG] Starting off-chip memory simulation...
[DEBUG] Created intermediate directory: /home/choi/EONSim/intermediate_160587
[DEBUG] Created eonsim_results directory name: eonsim_results_74990
[DEBUG] Removed existing dram_config directory
[DEBUG] Removed existing npumem_config directory
[DEBUG] Copied dram_config from /home/choi/EONSim/configs/mNPUsim_related/dram_config to /home/choi/simulators/mNPUsim/eonsim_config/dram_config
[DEBUG] Copied npumem_config from /home/choi/EONSim/configs/mNPUsim_related/npumem_config to /home/choi/simulators/mNPUsim/eonsim_config/npumem_config
[DEBUG] Generated trace file: /home/choi/EONSim/intermediate_160587/offmem_trace_flat.txt
[DEBUG] Total elements in offmem_trace: 11718720
[DEBUG] -1 count in offmem_trace: 8153601
[DEBUG] -1 ratio in offmem_trace: 0.6958
[DEBUG] DRAM config path: eonsim_config/dram_config/total_dram_config/single_hbm3_819gbs.cfg
[DEBUG] NPU memory config path: eonsim_config/npumem_config/npumem_architecture_list/single.txt
[DEBUG] DRAM config file verified: /home/choi/simulators/mNPUsim/eonsim_config/dram_config/total_dram_config/single_hbm3_819gbs.cfg
[DEBUG] NPU memory config file verified: /home/choi/simulators/mNPUsim/eonsim_config/npumem_config/npumem_architecture_list/single.txt
[DEBUG] Executing mnpusim...
[DEBUG] LD_LIBRARY_PATH: /home/choi/simulators/mNPUsim/DRAMsim3
[DEBUG] mnpusim execution completed. Output saved to /home/choi/EONSim/intermediate_160587/output.txt
[DEBUG] Copied result directory to /home/choi/EONSim/intermediate_160587/result
[RESULT] mNPUsim cycles: 881989

╔════════════════════════════════════════════════════════════════════════════════════════════════════╗
║▒▒▒▒▒▒▒▒▒▒▒▒▒▒▒▒▒▒▒▒▒▒▒▒▒▒▒▒▒▒《 Off-chip Memory Simulation Results 》▒▒▒▒▒▒▒▒▒▒▒▒▒▒▒▒▒▒▒▒▒▒▒▒▒▒▒▒▒▒║
╠════════════════════════════════════════════════════════════════════════════════════════════════════╣
║ Off-chip Memory Cycles: 881989                                                                     ║
║ Results Directory: /home/choi/EONSim/intermediate_160587                                           ║
╚════════════════════════════════════════════════════════════════════════════════════════════════════╝
[DEBUG] Cleaned up intermediate directory: /home/choi/EONSim/intermediate_160587
[DEBUG] Cleaned up eonsim_results directory: /home/choi/simulators/mNPUsim/eonsim_results_74990
(Time elapsed(s) in off-chip memory simulation:  26.100999sec)
[DEBUG] workload_type: vectordb



 START ENERGY ESTIMATION 

Setting parameters for energy estimation...
Setting workload configuration...
Setting energy table configuration...
 [DEBUG] action type and count for op 0: add 1499996160.0
 [DEBUG] action type and count for op 1: mul 1499996160.0
 [DEBUG] action type and count for op 0: add 1499996160.0
 [DEBUG] action type and count for op 1: mul 1499996160.0
 [DEBUG] action type and count for op 0: add 1499996160.0
 [DEBUG] action type and count for op 1: mul 1499996160.0
 [DEBUG] action type and count for op 0: add 1499996160.0
 [DEBUG] action type and count for op 1: mul 1499996160.0
 [DEBUG] action type and count for op 0: add 1499996160.0
 [DEBUG] action type and count for op 1: mul 1499996160.0
 [DEBUG] action type and count for op 0: add 1499996160.0
 [DEBUG] action type and count for op 1: mul 1499996160.0
 [DEBUG] action type and count for op 0: add 1499996160.0
 [DEBUG] action type and count for op 1: mul 1499996160.0
 [DEBUG] action type and count for op 0: add 1499996160.0
 [DEBUG] action type and count for op 1: mul 1499996160.0
 [DEBUG] action type and count for op 0: add 1499996160.0
 [DEBUG] action type and count for op 1: mul 1499996160.0
 [DEBUG] action type and count for op 0: add 1499996160.0
 [DEBUG] action type and count for op 1: mul 1499996160.0
 [DEBUG] action type and count for op 0: add 1499996160.0
 [DEBUG] action type and count for op 1: mul 1499996160.0
 [DEBUG] action type and count for op 0: add 1499996160.0
 [DEBUG] action type and count for op 1: mul 1499996160.0
 [DEBUG] action type and count for op 0: add 1499996160.0
 [DEBUG] action type and count for op 1: mul 1499996160.0
 [DEBUG] action type and count for op 0: add 1499996160.0
 [DEBUG] action type and count for op 1: mul 1499996160.0
 [DEBUG] action type and count for op 0: add 1499996160.0
 [DEBUG] action type and count for op 1: mul 1499996160.0

╔════════════════════════════════════════════════════════════════════════════════════════════════════╗
║▒▒▒▒▒▒▒▒▒▒▒▒▒▒▒▒▒▒▒▒▒▒▒▒▒▒▒▒▒▒▒▒▒▒▒《 Energy Estimation Results 》▒▒▒▒▒▒▒▒▒▒▒▒▒▒▒▒▒▒▒▒▒▒▒▒▒▒▒▒▒▒▒▒▒▒▒║
╚════════════════════════════════════════════════════════════════════════════════════════════════════╝

╔════════════════════════════════════════════════════════════════════════════════════════════════════╗
║▒▒▒▒▒▒▒▒▒▒▒▒▒▒▒▒▒▒▒▒▒▒▒▒▒▒▒▒▒▒▒▒▒▒▒《 Energy Estimation Results 》▒▒▒▒▒▒▒▒▒▒▒▒▒▒▒▒▒▒▒▒▒▒▒▒▒▒▒▒▒▒▒▒▒▒▒║
╠════════════════════════════════════════════════════════════════════════════════════════════════════╣
║ Total Energy: 368117164738.560 pJ                                                                  ║
║ Off-chip Memory Energy: 277565635200.000 pJ (75.40%)                                               ║
║ On-chip Memory Energy: 59614108738.560 pJ (16.19%)                                                 ║
║ Operations Energy:                                                                                 ║
║   - Operation 0: 5062487040.000 pJ (1.38%)                                                         ║
║   - Operation 1: 20812446720.000 pJ (5.65%)                                                        ║
║   - Operation 2: 5022936360.000 pJ (1.36%)                                                         ║
║   - Operation 3: 39550680.000 pJ (0.01%)                                                           ║
║                                                                                                    ║
║ Per-Batch Energy:                                                                                  ║
║   - Batch 0:                                                                                       ║
║     Total Energy: 26019086292.480 pJ                                                               ║
║     Off-chip Memory Energy: 20118453600.000 pJ                                                     ║
║     On-chip Memory Energy: 3838137972.480 pJ                                                       ║
║     Operations Energy:                                                                             ║
║       - Operation 0: 337499136.000 pJ                                                              ║
║       - Operation 1: 1387496448.000 pJ                                                             ║
║       - Operation 2: 334862424.000 pJ                                                              ║
║       - Operation 3: 2636712.000 pJ                                                                ║
║   - Batch 1:                                                                                       ║
║     Total Energy: 21790596257.280 pJ                                                               ║
║     Off-chip Memory Energy: 15500469600.000 pJ                                                     ║
║     On-chip Memory Energy: 4227631937.280 pJ                                                       ║
║     Operations Energy:                                                                             ║
║       - Operation 0: 337499136.000 pJ                                                              ║
║       - Operation 1: 1387496448.000 pJ                                                             ║
║       - Operation 2: 334862424.000 pJ                                                              ║
║       - Operation 3: 2636712.000 pJ                                                                ║
║   - Batch 2:                                                                                       ║
║     Total Energy: 26923624427.520 pJ                                                               ║
║     Off-chip Memory Energy: 21106310400.000 pJ                                                     ║
║     On-chip Memory Energy: 3754819307.520 pJ                                                       ║
║     Operations Energy:                                                                             ║
║       - Operation 0: 337499136.000 pJ                                                              ║
║       - Operation 1: 1387496448.000 pJ                                                             ║
║       - Operation 2: 334862424.000 pJ                                                              ║
║       - Operation 3: 2636712.000 pJ                                                                ║
║   - Batch 3:                                                                                       ║
║     Total Energy: 24165476121.600 pJ                                                               ║
║     Off-chip Memory Energy: 18094104000.000 pJ                                                     ║
║     On-chip Memory Energy: 4008877401.600 pJ                                                       ║
║     Operations Energy:                                                                             ║
║       - Operation 0: 337499136.000 pJ                                                              ║
║       - Operation 1: 1387496448.000 pJ                                                             ║
║       - Operation 2: 334862424.000 pJ                                                              ║
║       - Operation 3: 2636712.000 pJ                                                                ║
║   - Batch 4:                                                                                       ║
║     Total Energy: 25458328335.360 pJ                                                               ║
║     Off-chip Memory Energy: 19506043200.000 pJ                                                     ║
║     On-chip Memory Energy: 3889790415.360 pJ                                                       ║
║     Operations Energy:                                                                             ║
║       - Operation 0: 337499136.000 pJ                                                              ║
║       - Operation 1: 1387496448.000 pJ                                                             ║
║       - Operation 2: 334862424.000 pJ                                                              ║
║       - Operation 3: 2636712.000 pJ                                                                ║
║   - Batch 5:                                                                                       ║
║     Total Energy: 23502359416.320 pJ                                                               ║
║     Off-chip Memory Energy: 17369906400.000 pJ                                                     ║
║     On-chip Memory Energy: 4069958296.320 pJ                                                       ║
║     Operations Energy:                                                                             ║
║       - Operation 0: 337499136.000 pJ                                                              ║
║       - Operation 1: 1387496448.000 pJ                                                             ║
║       - Operation 2: 334862424.000 pJ                                                              ║
║       - Operation 3: 2636712.000 pJ                                                                ║
║   - Batch 6:                                                                                       ║
║     Total Energy: 25080336276.480 pJ                                                               ║
║     Off-chip Memory Energy: 19093233600.000 pJ                                                     ║
║     On-chip Memory Energy: 3924607956.480 pJ                                                       ║
║     Operations Energy:                                                                             ║
║       - Operation 0: 337499136.000 pJ                                                              ║
║       - Operation 1: 1387496448.000 pJ                                                             ║
║       - Operation 2: 334862424.000 pJ                                                              ║
║       - Operation 3: 2636712.000 pJ                                                                ║
║   - Batch 7:                                                                                       ║
║     Total Energy: 23278013160.960 pJ                                                               ║
║     Off-chip Memory Energy: 17124895200.000 pJ                                                     ║
║     On-chip Memory Energy: 4090623240.960 pJ                                                       ║
║     Operations Energy:                                                                             ║
║       - Operation 0: 337499136.000 pJ                                                              ║
║       - Operation 1: 1387496448.000 pJ                                                             ║
║       - Operation 2: 334862424.000 pJ                                                              ║
║       - Operation 3: 2636712.000 pJ                                                                ║
║   - Batch 8:                                                                                       ║
║     Total Energy: 25388381652.480 pJ                                                               ║
║     Off-chip Memory Energy: 19429653600.000 pJ                                                     ║
║     On-chip Memory Energy: 3896233332.480 pJ                                                       ║
║     Operations Energy:                                                                             ║
║       - Operation 0: 337499136.000 pJ                                                              ║
║       - Operation 1: 1387496448.000 pJ                                                             ║
║       - Operation 2: 334862424.000 pJ                                                              ║
║       - Operation 3: 2636712.000 pJ                                                                ║
║   - Batch 9:                                                                                       ║
║     Total Energy: 21430771568.640 pJ                                                               ║
║     Off-chip Memory Energy: 15107500800.000 pJ                                                     ║
║     On-chip Memory Energy: 4260776048.640 pJ                                                       ║
║     Operations Energy:                                                                             ║
║       - Operation 0: 337499136.000 pJ                                                              ║
║       - Operation 1: 1387496448.000 pJ                                                             ║
║       - Operation 2: 334862424.000 pJ                                                              ║
║       - Operation 3: 2636712.000 pJ                                                                ║
║   - Batch 10:                                                                                      ║
║     Total Energy: 24255190010.880 pJ                                                               ║
║     Off-chip Memory Energy: 18192081600.000 pJ                                                     ║
║     On-chip Memory Energy: 4000613690.880 pJ                                                       ║
║     Operations Energy:                                                                             ║
║       - Operation 0: 337499136.000 pJ                                                              ║
║       - Operation 1: 1387496448.000 pJ                                                             ║
║       - Operation 2: 334862424.000 pJ                                                              ║
║       - Operation 3: 2636712.000 pJ                                                                ║
║   - Batch 11:                                                                                      ║
║     Total Energy: 27119081333.760 pJ                                                               ║
║     Off-chip Memory Energy: 21319771200.000 pJ                                                     ║
║     On-chip Memory Energy: 3736815413.760 pJ                                                       ║
║     Operations Energy:                                                                             ║
║       - Operation 0: 337499136.000 pJ                                                              ║
║       - Operation 1: 1387496448.000 pJ                                                             ║
║       - Operation 2: 334862424.000 pJ                                                              ║
║       - Operation 3: 2636712.000 pJ                                                                ║
║   - Batch 12:                                                                                      ║
║     Total Energy: 24181766760.960 pJ                                                               ║
║     Off-chip Memory Energy: 18111895200.000 pJ                                                     ║
║     On-chip Memory Energy: 4007376840.960 pJ                                                       ║
║     Operations Energy:                                                                             ║
║       - Operation 0: 337499136.000 pJ                                                              ║
║       - Operation 1: 1387496448.000 pJ                                                             ║
║       - Operation 2: 334862424.000 pJ                                                              ║
║       - Operation 3: 2636712.000 pJ                                                                ║
║   - Batch 13:                                                                                      ║
║     Total Energy: 23645883179.520 pJ                                                               ║
║     Off-chip Memory Energy: 17526650400.000 pJ                                                     ║
║     On-chip Memory Energy: 4056738059.520 pJ                                                       ║
║     Operations Energy:                                                                             ║
║       - Operation 0: 337499136.000 pJ                                                              ║
║       - Operation 1: 1387496448.000 pJ                                                             ║
║       - Operation 2: 334862424.000 pJ                                                              ║
║       - Operation 3: 2636712.000 pJ                                                                ║
║   - Batch 14:                                                                                      ║
║     Total Energy: 25878269944.320 pJ                                                               ║
║     Off-chip Memory Energy: 19964666400.000 pJ                                                     ║
║     On-chip Memory Energy: 3851108824.320 pJ                                                       ║
║     Operations Energy:                                                                             ║
║       - Operation 0: 337499136.000 pJ                                                              ║
║       - Operation 1: 1387496448.000 pJ                                                             ║
║       - Operation 2: 334862424.000 pJ                                                              ║
║       - Operation 3: 2636712.000 pJ                                                                ║
╚════════════════════════════════════════════════════════════════════════════════════════════════════╝
(Time elapsed(s) in energy estimation:   0.004094sec)
