[DEBUG] script_dir: /home/choi/EONSim/src
[DEBUG] yaml_config_path: /home/choi/EONSim/configs/cache_SRRIP.yaml
[DEBUG] mnpusim_config_path: /home/choi/EONSim/configs/mNPUsim_related
[DEBUG] yaml_config_path: /home/choi/EONSim/configs/cache_SRRIP.yaml
[DEBUG] Vector Unit - Lanes: 128, Sublanes: 8, ALUs per sublanes: 4
[DEBUG] Matrix Unit - MXU dimension: 128, Number of MXUs: 4
[DEBUG] Memory - Type: cache, Size: 131072 KB, Policy: cache_SRRIP

╔════════════════════════════════════════════════════════════════════════════════════════════════════╗
║▒▒▒▒▒▒▒▒▒▒▒▒▒▒▒▒▒▒▒▒▒▒▒▒▒▒▒▒▒▒▒《 General Simulation Configuration 》▒▒▒▒▒▒▒▒▒▒▒▒▒▒▒▒▒▒▒▒▒▒▒▒▒▒▒▒▒▒▒║
╠════════════════════════════════════════════════════════════════════════════════════════════════════╣
║ Dataset: /home/choi/EONSim/datasets/vectordb/deep250m_small_100m.txt                               ║
║ Numeric format: 32 bits                                                                            ║
║ Num batches: 15                                                                                    ║
║ Num tables: 1                                                                                      ║
║ Batch Size (samples per batch): 32                                                                 ║
║ Vectors per table: 250000000                                                                       ║
║ Lookups per sample: 122070                                                                         ║
║ Embedding Dimension 96                                                                             ║
╚════════════════════════════════════════════════════════════════════════════════════════════════════╝
(Time elapsed(s) in model and data gen:  24.611217sec)
[DEBUG] lS_i shape: (15, 1, 3906240)
[DEBUG] addr_trace shape: (15, 1, 11718720)
Starting multiprocessing with 127 cores...
(Time elapsed(s) in address generation:  59.829687sec)
[DEBUG] self.offmem_trace shape: (15, 1, 11718720)

╔════════════════════════════════════════════════════════════════════════════════════════════════════╗
║▒▒▒▒▒▒▒▒▒▒▒▒▒▒▒▒▒▒▒▒▒▒▒▒▒▒▒▒▒▒▒▒▒《 On-Chip Memory Configuration 》▒▒▒▒▒▒▒▒▒▒▒▒▒▒▒▒▒▒▒▒▒▒▒▒▒▒▒▒▒▒▒▒▒║
╠════════════════════════════════════════════════════════════════════════════════════════════════════╣
║ Memory size: 134217728 B (128 MB)                                                                  ║
║ Memory type: cache                                                                                 ║
║ Memory policy: cache_SRRIP                                                                         ║
║ Cache way: 16-way                                                                                  ║
║ Cache line size: 128 B                                                                             ║
║ Cache set: 65536 sets                                                                              ║
║ Cache tag bits: 25 bits                                                                            ║
╚════════════════════════════════════════════════════════════════════════════════════════════════════╝
on mem data structure size: 549.30 KB
(Time elapsed(s) in create memory structure:   0.314865sec)

╔════════════════════════════════════════════════════════════════════════════════════════════════════╗
║▒▒▒▒▒▒▒▒▒▒▒▒▒▒▒▒▒▒▒▒▒▒▒▒▒▒▒▒▒▒▒▒▒▒▒▒▒▒▒《 Simulation Start 》▒▒▒▒▒▒▒▒▒▒▒▒▒▒▒▒▒▒▒▒▒▒▒▒▒▒▒▒▒▒▒▒▒▒▒▒▒▒▒║
╚════════════════════════════════════════════════════════════════════════════════════════════════════╝
Processing batch 0...
Processing batch 1...
Processing batch 2...
Processing batch 3...
Processing batch 4...
Processing batch 5...
Processing batch 6...
Processing batch 7...
Processing batch 8...
Processing batch 9...
Processing batch 10...
Processing batch 11...
Processing batch 12...
Processing batch 13...
Processing batch 14...
Simulation Done

╔════════════════════════════════════════════════════════════════════════════════════════════════════╗
║▒▒▒▒▒▒▒▒▒▒▒▒▒▒▒▒▒▒▒▒▒▒▒▒▒▒▒▒▒▒▒▒▒▒▒▒▒▒《 Simulation Results 》▒▒▒▒▒▒▒▒▒▒▒▒▒▒▒▒▒▒▒▒▒▒▒▒▒▒▒▒▒▒▒▒▒▒▒▒▒▒║
╠════════════════════════════════════════════════════════════════════════════════════════════════════╣
║ Total hit ratio: 0.7787                                                                            ║
║ Total accesses: 175780800                                                                          ║
║ Total hits: 136873548                                                                              ║
║ Total misses: 38907252                                                                             ║
║ ----------------------------------------                                                           ║
║ Per batch results                                                                                  ║
║ [Batch 0] hit ratio: 0.7393   accesses: 11718720   hits: 8664219   misses: 3054501                 ║
║ [Batch 1] hit ratio: 0.8070   accesses: 11718720   hits: 9457047   misses: 2261673                 ║
║ [Batch 2] hit ratio: 0.7282   accesses: 11718720   hits: 8533038   misses: 3185682                 ║
║ [Batch 3] hit ratio: 0.7899   accesses: 11718720   hits: 9256041   misses: 2462679                 ║
║ [Batch 4] hit ratio: 0.7723   accesses: 11718720   hits: 9050253   misses: 2668467                 ║
║ [Batch 5] hit ratio: 0.7963   accesses: 11718720   hits: 9331221   misses: 2387499                 ║
║ [Batch 6] hit ratio: 0.7853   accesses: 11718720   hits: 9202956   misses: 2515764                 ║
║ [Batch 7] hit ratio: 0.7858   accesses: 11718720   hits: 9208419   misses: 2510301                 ║
║ [Batch 8] hit ratio: 0.7766   accesses: 11718720   hits: 9101088   misses: 2617632                 ║
║ [Batch 9] hit ratio: 0.8290   accesses: 11718720   hits: 9714933   misses: 2003787                 ║
║ [Batch 10] hit ratio: 0.7587   accesses: 11718720   hits: 8891394   misses: 2827326                ║
║ [Batch 11] hit ratio: 0.7577   accesses: 11718720   hits: 8879289   misses: 2839431                ║
║ [Batch 12] hit ratio: 0.7823   accesses: 11718720   hits: 9167976   misses: 2550744                ║
║ [Batch 13] hit ratio: 0.7931   accesses: 11718720   hits: 9294480   misses: 2424240                ║
║ [Batch 14] hit ratio: 0.7783   accesses: 11718720   hits: 9121194   misses: 2597526                ║
╚════════════════════════════════════════════════════════════════════════════════════════════════════╝
(Time elapsed(s) in do simulation: 679.483684sec)



 START OFF-CHIP MEMORY SIMULATION 

[DEBUG] Starting off-chip memory simulation...
[DEBUG] Created intermediate directory: /home/choi/EONSim/intermediate_626429
[DEBUG] Created eonsim_results directory name: eonsim_results_610951
[DEBUG] Removed existing dram_config directory
[DEBUG] Removed existing npumem_config directory
[DEBUG] Copied dram_config from /home/choi/EONSim/configs/mNPUsim_related/dram_config to /home/choi/simulators/mNPUsim/eonsim_config/dram_config
[DEBUG] Copied npumem_config from /home/choi/EONSim/configs/mNPUsim_related/npumem_config to /home/choi/simulators/mNPUsim/eonsim_config/npumem_config
[DEBUG] Generated trace file: /home/choi/EONSim/intermediate_626429/offmem_trace_flat.txt
[DEBUG] Total elements in offmem_trace: 11718720
[DEBUG] -1 count in offmem_trace: 9121194
[DEBUG] -1 ratio in offmem_trace: 0.7783
[DEBUG] DRAM config path: eonsim_config/dram_config/total_dram_config/single_hbm3_819gbs.cfg
[DEBUG] NPU memory config path: eonsim_config/npumem_config/npumem_architecture_list/single.txt
[DEBUG] DRAM config file verified: /home/choi/simulators/mNPUsim/eonsim_config/dram_config/total_dram_config/single_hbm3_819gbs.cfg
[DEBUG] NPU memory config file verified: /home/choi/simulators/mNPUsim/eonsim_config/npumem_config/npumem_architecture_list/single.txt
[DEBUG] Executing mnpusim...
[DEBUG] LD_LIBRARY_PATH: /home/choi/simulators/mNPUsim/DRAMsim3
[DEBUG] mnpusim execution completed. Output saved to /home/choi/EONSim/intermediate_626429/output.txt
[DEBUG] Copied result directory to /home/choi/EONSim/intermediate_626429/result
[RESULT] mNPUsim cycles: 655584

╔════════════════════════════════════════════════════════════════════════════════════════════════════╗
║▒▒▒▒▒▒▒▒▒▒▒▒▒▒▒▒▒▒▒▒▒▒▒▒▒▒▒▒▒▒《 Off-chip Memory Simulation Results 》▒▒▒▒▒▒▒▒▒▒▒▒▒▒▒▒▒▒▒▒▒▒▒▒▒▒▒▒▒▒║
╠════════════════════════════════════════════════════════════════════════════════════════════════════╣
║ Off-chip Memory Cycles: 9776778                                                                    ║
║ Results Directory: /home/choi/EONSim/intermediate_626429                                           ║
╚════════════════════════════════════════════════════════════════════════════════════════════════════╝
[DEBUG] Cleaned up intermediate directory: /home/choi/EONSim/intermediate_626429
[DEBUG] Cleaned up eonsim_results directory: /home/choi/simulators/mNPUsim/eonsim_results_610951
(Time elapsed(s) in off-chip memory simulation:  19.695085sec)
[DEBUG] workload_type: vectordb



 START ENERGY ESTIMATION 

Setting parameters for energy estimation...
Setting workload configuration...
Setting energy table configuration...
 [DEBUG] action type and count for op 0: add 1499996160.0
 [DEBUG] action type and count for op 1: mul 1499996160.0
 [DEBUG] action type and count for op 0: add 1499996160.0
 [DEBUG] action type and count for op 1: mul 1499996160.0
 [DEBUG] action type and count for op 0: add 1499996160.0
 [DEBUG] action type and count for op 1: mul 1499996160.0
 [DEBUG] action type and count for op 0: add 1499996160.0
 [DEBUG] action type and count for op 1: mul 1499996160.0
 [DEBUG] action type and count for op 0: add 1499996160.0
 [DEBUG] action type and count for op 1: mul 1499996160.0
 [DEBUG] action type and count for op 0: add 1499996160.0
 [DEBUG] action type and count for op 1: mul 1499996160.0
 [DEBUG] action type and count for op 0: add 1499996160.0
 [DEBUG] action type and count for op 1: mul 1499996160.0
 [DEBUG] action type and count for op 0: add 1499996160.0
 [DEBUG] action type and count for op 1: mul 1499996160.0
 [DEBUG] action type and count for op 0: add 1499996160.0
 [DEBUG] action type and count for op 1: mul 1499996160.0
 [DEBUG] action type and count for op 0: add 1499996160.0
 [DEBUG] action type and count for op 1: mul 1499996160.0
 [DEBUG] action type and count for op 0: add 1499996160.0
 [DEBUG] action type and count for op 1: mul 1499996160.0
 [DEBUG] action type and count for op 0: add 1499996160.0
 [DEBUG] action type and count for op 1: mul 1499996160.0
 [DEBUG] action type and count for op 0: add 1499996160.0
 [DEBUG] action type and count for op 1: mul 1499996160.0
 [DEBUG] action type and count for op 0: add 1499996160.0
 [DEBUG] action type and count for op 1: mul 1499996160.0
 [DEBUG] action type and count for op 0: add 1499996160.0
 [DEBUG] action type and count for op 1: mul 1499996160.0

╔════════════════════════════════════════════════════════════════════════════════════════════════════╗
║▒▒▒▒▒▒▒▒▒▒▒▒▒▒▒▒▒▒▒▒▒▒▒▒▒▒▒▒▒▒▒▒▒▒▒《 Energy Estimation Results 》▒▒▒▒▒▒▒▒▒▒▒▒▒▒▒▒▒▒▒▒▒▒▒▒▒▒▒▒▒▒▒▒▒▒▒║
╚════════════════════════════════════════════════════════════════════════════════════════════════════╝

╔════════════════════════════════════════════════════════════════════════════════════════════════════╗
║▒▒▒▒▒▒▒▒▒▒▒▒▒▒▒▒▒▒▒▒▒▒▒▒▒▒▒▒▒▒▒▒▒▒▒《 Energy Estimation Results 》▒▒▒▒▒▒▒▒▒▒▒▒▒▒▒▒▒▒▒▒▒▒▒▒▒▒▒▒▒▒▒▒▒▒▒║
╠════════════════════════════════════════════════════════════════════════════════════════════════════╣
║ Total Energy: 313466146191.360 pJ                                                                  ║
║ Off-chip Memory Energy: 217880611200.000 pJ (69.51%)                                               ║
║ On-chip Memory Energy: 64648114191.360 pJ (20.62%)                                                 ║
║ Operations Energy:                                                                                 ║
║   - Operation 0: 5062487040.000 pJ (1.62%)                                                         ║
║   - Operation 1: 20812446720.000 pJ (6.64%)                                                        ║
║   - Operation 2: 5022936360.000 pJ (1.60%)                                                         ║
║   - Operation 3: 39550680.000 pJ (0.01%)                                                           ║
║                                                                                                    ║
║ Per-Batch Energy:                                                                                  ║
║   - Batch 0:                                                                                       ║
║     Total Energy: 23259984238.080 pJ                                                               ║
║     Off-chip Memory Energy: 17105205600.000 pJ                                                     ║
║     On-chip Memory Energy: 4092283918.080 pJ                                                       ║
║     Operations Energy:                                                                             ║
║       - Operation 0: 337499136.000 pJ                                                              ║
║       - Operation 1: 1387496448.000 pJ                                                             ║
║       - Operation 2: 334862424.000 pJ                                                              ║
║       - Operation 3: 2636712.000 pJ                                                                ║
║   - Batch 1:                                                                                       ║
║     Total Energy: 19194615959.040 pJ                                                               ║
║     Off-chip Memory Energy: 12665368800.000 pJ                                                     ║
║     On-chip Memory Energy: 4466752439.040 pJ                                                       ║
║     Operations Energy:                                                                             ║
║       - Operation 0: 337499136.000 pJ                                                              ║
║       - Operation 1: 1387496448.000 pJ                                                             ║
║       - Operation 2: 334862424.000 pJ                                                              ║
║       - Operation 3: 2636712.000 pJ                                                                ║
║   - Batch 2:                                                                                       ║
║     Total Energy: 23932638428.160 pJ                                                               ║
║     Off-chip Memory Energy: 17839819200.000 pJ                                                     ║
║     On-chip Memory Energy: 4030324508.160 pJ                                                       ║
║     Operations Energy:                                                                             ║
║       - Operation 0: 337499136.000 pJ                                                              ║
║       - Operation 1: 1387496448.000 pJ                                                             ║
║       - Operation 2: 334862424.000 pJ                                                              ║
║       - Operation 3: 2636712.000 pJ                                                                ║
║   - Batch 3:                                                                                       ║
║     Total Energy: 20225310405.120 pJ                                                               ║
║     Off-chip Memory Energy: 13791002400.000 pJ                                                     ║
║     On-chip Memory Energy: 4371813285.120 pJ                                                       ║
║     Operations Energy:                                                                             ║
║       - Operation 0: 337499136.000 pJ                                                              ║
║       - Operation 1: 1387496448.000 pJ                                                             ║
║       - Operation 2: 334862424.000 pJ                                                              ║
║       - Operation 3: 2636712.000 pJ                                                                ║
║   - Batch 4:                                                                                       ║
║     Total Energy: 21280525416.960 pJ                                                               ║
║     Off-chip Memory Energy: 14943415200.000 pJ                                                     ║
║     On-chip Memory Energy: 4274615496.960 pJ                                                       ║
║     Operations Energy:                                                                             ║
║       - Operation 0: 337499136.000 pJ                                                              ║
║       - Operation 1: 1387496448.000 pJ                                                             ║
║       - Operation 2: 334862424.000 pJ                                                              ║
║       - Operation 3: 2636712.000 pJ                                                                ║
║   - Batch 5:                                                                                       ║
║     Total Energy: 19839811422.720 pJ                                                               ║
║     Off-chip Memory Energy: 13369994400.000 pJ                                                     ║
║     On-chip Memory Energy: 4407322302.720 pJ                                                       ║
║     Operations Energy:                                                                             ║
║       - Operation 0: 337499136.000 pJ                                                              ║
║       - Operation 1: 1387496448.000 pJ                                                             ║
║       - Operation 2: 334862424.000 pJ                                                              ║
║       - Operation 3: 2636712.000 pJ                                                                ║
║   - Batch 6:                                                                                       ║
║     Total Energy: 20497513297.920 pJ                                                               ║
║     Off-chip Memory Energy: 14088278400.000 pJ                                                     ║
║     On-chip Memory Energy: 4346740177.920 pJ                                                       ║
║     Operations Energy:                                                                             ║
║       - Operation 0: 337499136.000 pJ                                                              ║
║       - Operation 1: 1387496448.000 pJ                                                             ║
║       - Operation 2: 334862424.000 pJ                                                              ║
║       - Operation 3: 2636712.000 pJ                                                                ║
║   - Batch 7:                                                                                       ║
║     Total Energy: 20469500782.080 pJ                                                               ║
║     Off-chip Memory Energy: 14057685600.000 pJ                                                     ║
║     On-chip Memory Energy: 4349320462.080 pJ                                                       ║
║     Operations Energy:                                                                             ║
║       - Operation 0: 337499136.000 pJ                                                              ║
║       - Operation 1: 1387496448.000 pJ                                                             ║
║       - Operation 2: 334862424.000 pJ                                                              ║
║       - Operation 3: 2636712.000 pJ                                                                ║
║   - Batch 8:                                                                                       ║
║     Total Energy: 21019859804.160 pJ                                                               ║
║     Off-chip Memory Energy: 14658739200.000 pJ                                                     ║
║     On-chip Memory Energy: 4298625884.160 pJ                                                       ║
║     Operations Energy:                                                                             ║
║       - Operation 0: 337499136.000 pJ                                                              ║
║       - Operation 1: 1387496448.000 pJ                                                             ║
║       - Operation 2: 334862424.000 pJ                                                              ║
║       - Operation 3: 2636712.000 pJ                                                                ║
║   - Batch 9:                                                                                       ║
║     Total Energy: 17872259074.560 pJ                                                               ║
║     Off-chip Memory Energy: 11221207200.000 pJ                                                     ║
║     On-chip Memory Energy: 4588557154.560 pJ                                                       ║
║     Operations Energy:                                                                             ║
║       - Operation 0: 337499136.000 pJ                                                              ║
║       - Operation 1: 1387496448.000 pJ                                                             ║
║       - Operation 2: 334862424.000 pJ                                                              ║
║       - Operation 3: 2636712.000 pJ                                                                ║
║   - Batch 10:                                                                                      ║
║     Total Energy: 22095103534.080 pJ                                                               ║
║     Off-chip Memory Energy: 15833025600.000 pJ                                                     ║
║     On-chip Memory Energy: 4199583214.080 pJ                                                       ║
║     Operations Energy:                                                                             ║
║       - Operation 0: 337499136.000 pJ                                                              ║
║       - Operation 1: 1387496448.000 pJ                                                             ║
║       - Operation 2: 334862424.000 pJ                                                              ║
║       - Operation 3: 2636712.000 pJ                                                                ║
║   - Batch 11:                                                                                      ║
║     Total Energy: 22157174100.480 pJ                                                               ║
║     Off-chip Memory Energy: 15900813600.000 pJ                                                     ║
║     On-chip Memory Energy: 4193865780.480 pJ                                                       ║
║     Operations Energy:                                                                             ║
║       - Operation 0: 337499136.000 pJ                                                              ║
║       - Operation 1: 1387496448.000 pJ                                                             ║
║       - Operation 2: 334862424.000 pJ                                                              ║
║       - Operation 3: 2636712.000 pJ                                                                ║
║   - Batch 12:                                                                                      ║
║     Total Energy: 20676879544.320 pJ                                                               ║
║     Off-chip Memory Energy: 14284166400.000 pJ                                                     ║
║     On-chip Memory Energy: 4330218424.320 pJ                                                       ║
║     Operations Energy:                                                                             ║
║       - Operation 0: 337499136.000 pJ                                                              ║
║       - Operation 1: 1387496448.000 pJ                                                             ║
║       - Operation 2: 334862424.000 pJ                                                              ║
║       - Operation 3: 2636712.000 pJ                                                                ║
║   - Batch 13:                                                                                      ║
║     Total Energy: 20028207513.600 pJ                                                               ║
║     Off-chip Memory Energy: 13575744000.000 pJ                                                     ║
║     On-chip Memory Energy: 4389968793.600 pJ                                                       ║
║     Operations Energy:                                                                             ║
║       - Operation 0: 337499136.000 pJ                                                              ║
║       - Operation 1: 1387496448.000 pJ                                                             ║
║       - Operation 2: 334862424.000 pJ                                                              ║
║       - Operation 3: 2636712.000 pJ                                                                ║
║   - Batch 14:                                                                                      ║
║     Total Energy: 20916762670.080 pJ                                                               ║
║     Off-chip Memory Energy: 14546145600.000 pJ                                                     ║
║     On-chip Memory Energy: 4308122350.080 pJ                                                       ║
║     Operations Energy:                                                                             ║
║       - Operation 0: 337499136.000 pJ                                                              ║
║       - Operation 1: 1387496448.000 pJ                                                             ║
║       - Operation 2: 334862424.000 pJ                                                              ║
║       - Operation 3: 2636712.000 pJ                                                                ║
╚════════════════════════════════════════════════════════════════════════════════════════════════════╝
(Time elapsed(s) in energy estimation:   0.004209sec)
