[DEBUG] script_dir: /home/choi/EONSim/src
[DEBUG] yaml_config_path: /home/choi/EONSim/configs/cache_LRU.yaml
[DEBUG] mnpusim_config_path: /home/choi/EONSim/configs/mNPUsim_related
[DEBUG] yaml_config_path: /home/choi/EONSim/configs/cache_LRU.yaml
[DEBUG] Vector Unit - Lanes: 128, Sublanes: 8, ALUs per sublanes: 4
[DEBUG] Matrix Unit - MXU dimension: 128, Number of MXUs: 4
[DEBUG] Memory - Type: cache, Size: 131072 KB, Policy: cache_LRU

╔════════════════════════════════════════════════════════════════════════════════════════════════════╗
║▒▒▒▒▒▒▒▒▒▒▒▒▒▒▒▒▒▒▒▒▒▒▒▒▒▒▒▒▒▒▒《 General Simulation Configuration 》▒▒▒▒▒▒▒▒▒▒▒▒▒▒▒▒▒▒▒▒▒▒▒▒▒▒▒▒▒▒▒║
╠════════════════════════════════════════════════════════════════════════════════════════════════════╣
║ Dataset: /home/choi/EONSim/datasets/vectordb/deep250m_small_100m.txt                               ║
║ Numeric format: 32 bits                                                                            ║
║ Num batches: 10                                                                                    ║
║ Num tables: 1                                                                                      ║
║ Batch Size (samples per batch): 1                                                                  ║
║ Vectors per table: 250000000                                                                       ║
║ Lookups per sample: 122070                                                                         ║
║ Embedding Dimension 96                                                                             ║
╚════════════════════════════════════════════════════════════════════════════════════════════════════╝
(Time elapsed(s) in model and data gen:  20.030320sec)
[DEBUG] lS_i shape: (10, 1, 122070)
[DEBUG] addr_trace shape: (10, 1, 366210)
Starting multiprocessing with 127 cores...
(Time elapsed(s) in address generation:   7.814615sec)
[DEBUG] self.offmem_trace shape: (10, 1, 366210)

╔════════════════════════════════════════════════════════════════════════════════════════════════════╗
║▒▒▒▒▒▒▒▒▒▒▒▒▒▒▒▒▒▒▒▒▒▒▒▒▒▒▒▒▒▒▒▒▒《 On-Chip Memory Configuration 》▒▒▒▒▒▒▒▒▒▒▒▒▒▒▒▒▒▒▒▒▒▒▒▒▒▒▒▒▒▒▒▒▒║
╠════════════════════════════════════════════════════════════════════════════════════════════════════╣
║ Memory size: 134217728 B (128 MB)                                                                  ║
║ Memory type: cache                                                                                 ║
║ Memory policy: cache_LRU                                                                           ║
║ Cache way: 16-way                                                                                  ║
║ Cache line size: 128 B                                                                             ║
║ Cache set: 65536 sets                                                                              ║
║ Cache tag bits: 25 bits                                                                            ║
╚════════════════════════════════════════════════════════════════════════════════════════════════════╝
on mem data structure size: 549.30 KB
(Time elapsed(s) in create memory structure:   6.442127sec)

╔════════════════════════════════════════════════════════════════════════════════════════════════════╗
║▒▒▒▒▒▒▒▒▒▒▒▒▒▒▒▒▒▒▒▒▒▒▒▒▒▒▒▒▒▒▒▒▒▒▒▒▒▒▒《 Simulation Start 》▒▒▒▒▒▒▒▒▒▒▒▒▒▒▒▒▒▒▒▒▒▒▒▒▒▒▒▒▒▒▒▒▒▒▒▒▒▒▒║
╚════════════════════════════════════════════════════════════════════════════════════════════════════╝
Processing batch 0...
Processing batch 1...
Processing batch 2...
Processing batch 3...
Processing batch 4...
Processing batch 5...
Processing batch 6...
Processing batch 7...
Processing batch 8...
Processing batch 9...
Simulation Done

╔════════════════════════════════════════════════════════════════════════════════════════════════════╗
║▒▒▒▒▒▒▒▒▒▒▒▒▒▒▒▒▒▒▒▒▒▒▒▒▒▒▒▒▒▒▒▒▒▒▒▒▒▒《 Simulation Results 》▒▒▒▒▒▒▒▒▒▒▒▒▒▒▒▒▒▒▒▒▒▒▒▒▒▒▒▒▒▒▒▒▒▒▒▒▒▒║
╠════════════════════════════════════════════════════════════════════════════════════════════════════╣
║ Total hit ratio: 0.6412                                                                            ║
║ Total accesses: 3662100                                                                            ║
║ Total hits: 2348289                                                                                ║
║ Total misses: 1313811                                                                              ║
║ ----------------------------------------                                                           ║
║ Per batch results                                                                                  ║
║ [Batch 0] hit ratio: 0.0000   accesses: 366210   hits: 0   misses: 366210                          ║
║ [Batch 1] hit ratio: 0.3693   accesses: 366210   hits: 135252   misses: 230958                     ║
║ [Batch 2] hit ratio: 0.8568   accesses: 366210   hits: 313779   misses: 52431                      ║
║ [Batch 3] hit ratio: 0.7745   accesses: 366210   hits: 283614   misses: 82596                      ║
║ [Batch 4] hit ratio: 0.4805   accesses: 366210   hits: 175980   misses: 190230                     ║
║ [Batch 5] hit ratio: 0.7348   accesses: 366210   hits: 269109   misses: 97101                      ║
║ [Batch 6] hit ratio: 0.7618   accesses: 366210   hits: 278994   misses: 87216                      ║
║ [Batch 7] hit ratio: 0.7987   accesses: 366210   hits: 292503   misses: 73707                      ║
║ [Batch 8] hit ratio: 1.0000   accesses: 366210   hits: 366210   misses: 0                          ║
║ [Batch 9] hit ratio: 0.6358   accesses: 366210   hits: 232848   misses: 133362                     ║
╚════════════════════════════════════════════════════════════════════════════════════════════════════╝
(Time elapsed(s) in do simulation:   7.010532sec)



 START OFF-CHIP MEMORY SIMULATION 

[DEBUG] Starting off-chip memory simulation...
[DEBUG] Created intermediate directory: /home/choi/EONSim/intermediate_549657
[DEBUG] Created eonsim_results directory name: eonsim_results_865718
[DEBUG] Removed existing dram_config directory
[DEBUG] Removed existing npumem_config directory
[DEBUG] Copied dram_config from /home/choi/EONSim/configs/mNPUsim_related/dram_config to /home/choi/simulators/mNPUsim/eonsim_config/dram_config
[DEBUG] Copied npumem_config from /home/choi/EONSim/configs/mNPUsim_related/npumem_config to /home/choi/simulators/mNPUsim/eonsim_config/npumem_config
[DEBUG] Generated trace file: /home/choi/EONSim/intermediate_549657/offmem_trace_flat.txt
[DEBUG] Total elements in offmem_trace: 366210
[DEBUG] -1 count in offmem_trace: 232848
[DEBUG] -1 ratio in offmem_trace: 0.6358
[DEBUG] DRAM config path: eonsim_config/dram_config/total_dram_config/single_hbm3_819gbs.cfg
[DEBUG] NPU memory config path: eonsim_config/npumem_config/npumem_architecture_list/single.txt
[DEBUG] DRAM config file verified: /home/choi/simulators/mNPUsim/eonsim_config/dram_config/total_dram_config/single_hbm3_819gbs.cfg
[DEBUG] NPU memory config file verified: /home/choi/simulators/mNPUsim/eonsim_config/npumem_config/npumem_architecture_list/single.txt
[DEBUG] Executing mnpusim...
[DEBUG] LD_LIBRARY_PATH: /home/choi/simulators/mNPUsim/DRAMsim3
[DEBUG] mnpusim execution completed. Output saved to /home/choi/EONSim/intermediate_549657/output.txt
[DEBUG] Copied result directory to /home/choi/EONSim/intermediate_549657/result
[RESULT] mNPUsim cycles: 33411

╔════════════════════════════════════════════════════════════════════════════════════════════════════╗
║▒▒▒▒▒▒▒▒▒▒▒▒▒▒▒▒▒▒▒▒▒▒▒▒▒▒▒▒▒▒《 Off-chip Memory Simulation Results 》▒▒▒▒▒▒▒▒▒▒▒▒▒▒▒▒▒▒▒▒▒▒▒▒▒▒▒▒▒▒║
╠════════════════════════════════════════════════════════════════════════════════════════════════════╣
║ Off-chip Memory Cycles: 266259                                                                     ║
║ Results Directory: /home/choi/EONSim/intermediate_549657                                           ║
╚════════════════════════════════════════════════════════════════════════════════════════════════════╝
[DEBUG] Cleaned up intermediate directory: /home/choi/EONSim/intermediate_549657
[DEBUG] Cleaned up eonsim_results directory: /home/choi/simulators/mNPUsim/eonsim_results_865718
(Time elapsed(s) in off-chip memory simulation:   1.592991sec)
[DEBUG] workload_type: vectordb



 START ENERGY ESTIMATION 

Setting parameters for energy estimation...
Setting workload configuration...
Setting energy table configuration...
 [DEBUG] action type and count for op 0: add 46874880.0
 [DEBUG] action type and count for op 1: mul 46874880.0
 [DEBUG] action type and count for op 0: add 46874880.0
 [DEBUG] action type and count for op 1: mul 46874880.0
 [DEBUG] action type and count for op 0: add 46874880.0
 [DEBUG] action type and count for op 1: mul 46874880.0
 [DEBUG] action type and count for op 0: add 46874880.0
 [DEBUG] action type and count for op 1: mul 46874880.0
 [DEBUG] action type and count for op 0: add 46874880.0
 [DEBUG] action type and count for op 1: mul 46874880.0
 [DEBUG] action type and count for op 0: add 46874880.0
 [DEBUG] action type and count for op 1: mul 46874880.0
 [DEBUG] action type and count for op 0: add 46874880.0
 [DEBUG] action type and count for op 1: mul 46874880.0
 [DEBUG] action type and count for op 0: add 46874880.0
 [DEBUG] action type and count for op 1: mul 46874880.0
 [DEBUG] action type and count for op 0: add 46874880.0
 [DEBUG] action type and count for op 1: mul 46874880.0
 [DEBUG] action type and count for op 0: add 46874880.0
 [DEBUG] action type and count for op 1: mul 46874880.0

╔════════════════════════════════════════════════════════════════════════════════════════════════════╗
║▒▒▒▒▒▒▒▒▒▒▒▒▒▒▒▒▒▒▒▒▒▒▒▒▒▒▒▒▒▒▒▒▒▒▒《 Energy Estimation Results 》▒▒▒▒▒▒▒▒▒▒▒▒▒▒▒▒▒▒▒▒▒▒▒▒▒▒▒▒▒▒▒▒▒▒▒║
╚════════════════════════════════════════════════════════════════════════════════════════════════════╝

╔════════════════════════════════════════════════════════════════════════════════════════════════════╗
║▒▒▒▒▒▒▒▒▒▒▒▒▒▒▒▒▒▒▒▒▒▒▒▒▒▒▒▒▒▒▒▒▒▒▒《 Energy Estimation Results 》▒▒▒▒▒▒▒▒▒▒▒▒▒▒▒▒▒▒▒▒▒▒▒▒▒▒▒▒▒▒▒▒▒▒▒║
╠════════════════════════════════════════════════════════════════════════════════════════════════════╣
║ Total Energy: 9111015069.480 pJ                                                                    ║
║ Off-chip Memory Energy: 7357341600.000 pJ (80.75%)                                                 ║
║ On-chip Memory Energy: 1109143860.480 pJ (12.17%)                                                  ║
║ Operations Energy:                                                                                 ║
║   - Operation 0: 105468480.000 pJ (1.16%)                                                          ║
║   - Operation 1: 433592640.000 pJ (4.76%)                                                          ║
║   - Operation 2: 104644512.000 pJ (1.15%)                                                          ║
║   - Operation 3: 823977.000 pJ (0.01%)                                                             ║
║                                                                                                    ║
║ Per-Batch Energy:                                                                                  ║
║   - Batch 0:                                                                                       ║
║     Total Energy: 2115228960.900 pJ                                                                ║
║     Off-chip Memory Energy: 2050776000.000 pJ                                                      ║
║     On-chip Memory Energy: 0.000 pJ                                                                ║
║     Operations Energy:                                                                             ║
║       - Operation 0: 10546848.000 pJ                                                               ║
║       - Operation 1: 43359264.000 pJ                                                               ║
║       - Operation 2: 10464451.200 pJ                                                               ║
║       - Operation 3: 82397.700 pJ                                                                  ║
║   - Batch 1:                                                                                       ║
║     Total Energy: 1421699985.540 pJ                                                                ║
║     Off-chip Memory Energy: 1293364800.000 pJ                                                      ║
║     On-chip Memory Energy: 63882224.640 pJ                                                         ║
║     Operations Energy:                                                                             ║
║       - Operation 0: 10546848.000 pJ                                                               ║
║       - Operation 1: 43359264.000 pJ                                                               ║
║       - Operation 2: 10464451.200 pJ                                                               ║
║       - Operation 3: 82397.700 pJ                                                                  ║
║   - Batch 2:                                                                                       ║
║     Total Energy: 506270658.180 pJ                                                                 ║
║     Off-chip Memory Energy: 293613600.000 pJ                                                       ║
║     On-chip Memory Energy: 148204097.280 pJ                                                        ║
║     Operations Energy:                                                                             ║
║       - Operation 0: 10546848.000 pJ                                                               ║
║       - Operation 1: 43359264.000 pJ                                                               ║
║       - Operation 2: 10464451.200 pJ                                                               ║
║       - Operation 3: 82397.700 pJ                                                                  ║
║   - Batch 3:                                                                                       ║
║     Total Energy: 660947125.380 pJ                                                                 ║
║     Off-chip Memory Energy: 462537600.000 pJ                                                       ║
║     On-chip Memory Energy: 133956564.480 pJ                                                        ║
║     Operations Energy:                                                                             ║
║       - Operation 0: 10546848.000 pJ                                                               ║
║       - Operation 1: 43359264.000 pJ                                                               ║
║       - Operation 2: 10464451.200 pJ                                                               ║
║       - Operation 3: 82397.700 pJ                                                                  ║
║   - Batch 4:                                                                                       ║
║     Total Energy: 1212859834.500 pJ                                                                ║
║     Off-chip Memory Energy: 1065288000.000 pJ                                                      ║
║     On-chip Memory Energy: 83118873.600 pJ                                                         ║
║     Operations Energy:                                                                             ║
║       - Operation 0: 10546848.000 pJ                                                               ║
║       - Operation 1: 43359264.000 pJ                                                               ║
║       - Operation 2: 10464451.200 pJ                                                               ║
║       - Operation 3: 82397.700 pJ                                                                  ║
║   - Batch 5:                                                                                       ║
║     Total Energy: 735324123.780 pJ                                                                 ║
║     Off-chip Memory Energy: 543765600.000 pJ                                                       ║
║     On-chip Memory Energy: 127105562.880 pJ                                                        ║
║     Operations Energy:                                                                             ║
║       - Operation 0: 10546848.000 pJ                                                               ║
║       - Operation 1: 43359264.000 pJ                                                               ║
║       - Operation 2: 10464451.200 pJ                                                               ║
║       - Operation 3: 82397.700 pJ                                                                  ║
║   - Batch 6:                                                                                       ║
║     Total Energy: 684637006.980 pJ                                                                 ║
║     Off-chip Memory Energy: 488409600.000 pJ                                                       ║
║     On-chip Memory Energy: 131774446.080 pJ                                                        ║
║     Operations Energy:                                                                             ║
║       - Operation 0: 10546848.000 pJ                                                               ║
║       - Operation 1: 43359264.000 pJ                                                               ║
║       - Operation 2: 10464451.200 pJ                                                               ║
║       - Operation 3: 82397.700 pJ                                                                  ║
║   - Batch 7:                                                                                       ║
║     Total Energy: 615367177.860 pJ                                                                 ║
║     Off-chip Memory Energy: 412759200.000 pJ                                                       ║
║     On-chip Memory Energy: 138155016.960 pJ                                                        ║
║     Operations Energy:                                                                             ║
║       - Operation 0: 10546848.000 pJ                                                               ║
║       - Operation 1: 43359264.000 pJ                                                               ║
║       - Operation 2: 10464451.200 pJ                                                               ║
║       - Operation 3: 82397.700 pJ                                                                  ║
║   - Batch 8:                                                                                       ║
║     Total Energy: 237421268.100 pJ                                                                 ║
║     Off-chip Memory Energy: 0.000 pJ                                                               ║
║     On-chip Memory Energy: 172968307.200 pJ                                                        ║
║     Operations Energy:                                                                             ║
║       - Operation 0: 10546848.000 pJ                                                               ║
║       - Operation 1: 43359264.000 pJ                                                               ║
║       - Operation 2: 10464451.200 pJ                                                               ║
║       - Operation 3: 82397.700 pJ                                                                  ║
║   - Batch 9:                                                                                       ║
║     Total Energy: 921258928.260 pJ                                                                 ║
║     Off-chip Memory Energy: 746827200.000 pJ                                                       ║
║     On-chip Memory Energy: 109978767.360 pJ                                                        ║
║     Operations Energy:                                                                             ║
║       - Operation 0: 10546848.000 pJ                                                               ║
║       - Operation 1: 43359264.000 pJ                                                               ║
║       - Operation 2: 10464451.200 pJ                                                               ║
║       - Operation 3: 82397.700 pJ                                                                  ║
╚════════════════════════════════════════════════════════════════════════════════════════════════════╝
(Time elapsed(s) in energy estimation:   0.003757sec)
