[DEBUG] script_dir: /home/choi/EONSim/src
[DEBUG] yaml_config_path: /home/choi/EONSim/configs/cache_SRRIP.yaml
[DEBUG] mnpusim_config_path: /home/choi/EONSim/configs/mNPUsim_related
[DEBUG] yaml_config_path: /home/choi/EONSim/configs/cache_SRRIP.yaml
[DEBUG] Vector Unit - Lanes: 128, Sublanes: 8, ALUs per sublanes: 4
[DEBUG] Matrix Unit - MXU dimension: 128, Number of MXUs: 4
[DEBUG] Memory - Type: cache, Size: 131072 KB, Policy: cache_SRRIP

╔════════════════════════════════════════════════════════════════════════════════════════════════════╗
║▒▒▒▒▒▒▒▒▒▒▒▒▒▒▒▒▒▒▒▒▒▒▒▒▒▒▒▒▒▒▒《 General Simulation Configuration 》▒▒▒▒▒▒▒▒▒▒▒▒▒▒▒▒▒▒▒▒▒▒▒▒▒▒▒▒▒▒▒║
╠════════════════════════════════════════════════════════════════════════════════════════════════════╣
║ Dataset: /home/choi/EONSim/datasets/dlrm/reuse_low_trunc.txt                                       ║
║ Numeric format: 8 bits                                                                             ║
║ Num batches: 2                                                                                     ║
║ Num tables: 512                                                                                    ║
║ Batch Size (samples per batch): 32                                                                 ║
║ Vectors per table: 1000000                                                                         ║
║ Lookups per sample: 170                                                                            ║
║ Embedding Dimension 256                                                                            ║
╚════════════════════════════════════════════════════════════════════════════════════════════════════╝
(Time elapsed(s) in model and data gen:   0.606609sec)
[DEBUG] lS_i shape: (2, 512, 5440)
[DEBUG] addr_trace shape: (2, 512, 10880)
Starting multiprocessing with 127 cores...
(Time elapsed(s) in address generation:  26.684406sec)
[DEBUG] self.offmem_trace shape: (2, 512, 10880)

╔════════════════════════════════════════════════════════════════════════════════════════════════════╗
║▒▒▒▒▒▒▒▒▒▒▒▒▒▒▒▒▒▒▒▒▒▒▒▒▒▒▒▒▒▒▒▒▒《 On-Chip Memory Configuration 》▒▒▒▒▒▒▒▒▒▒▒▒▒▒▒▒▒▒▒▒▒▒▒▒▒▒▒▒▒▒▒▒▒║
╠════════════════════════════════════════════════════════════════════════════════════════════════════╣
║ Memory size: 134217728 B (128 MB)                                                                  ║
║ Memory type: cache                                                                                 ║
║ Memory policy: cache_SRRIP                                                                         ║
║ Cache way: 16-way                                                                                  ║
║ Cache line size: 128 B                                                                             ║
║ Cache set: 65536 sets                                                                              ║
║ Cache tag bits: 25 bits                                                                            ║
╚════════════════════════════════════════════════════════════════════════════════════════════════════╝
on mem data structure size: 549.30 KB
(Time elapsed(s) in create memory structure:   0.037862sec)

╔════════════════════════════════════════════════════════════════════════════════════════════════════╗
║▒▒▒▒▒▒▒▒▒▒▒▒▒▒▒▒▒▒▒▒▒▒▒▒▒▒▒▒▒▒▒▒▒▒▒▒▒▒▒《 Simulation Start 》▒▒▒▒▒▒▒▒▒▒▒▒▒▒▒▒▒▒▒▒▒▒▒▒▒▒▒▒▒▒▒▒▒▒▒▒▒▒▒║
╚════════════════════════════════════════════════════════════════════════════════════════════════════╝
Processing batch 0...
Processing batch 1...
Simulation Done

╔════════════════════════════════════════════════════════════════════════════════════════════════════╗
║▒▒▒▒▒▒▒▒▒▒▒▒▒▒▒▒▒▒▒▒▒▒▒▒▒▒▒▒▒▒▒▒▒▒▒▒▒▒《 Simulation Results 》▒▒▒▒▒▒▒▒▒▒▒▒▒▒▒▒▒▒▒▒▒▒▒▒▒▒▒▒▒▒▒▒▒▒▒▒▒▒║
╠════════════════════════════════════════════════════════════════════════════════════════════════════╣
║ Total hit ratio: 0.0821                                                                            ║
║ Total accesses: 11141120                                                                           ║
║ Total hits: 915184                                                                                 ║
║ Total misses: 10225936                                                                             ║
║ ----------------------------------------                                                           ║
║ Per batch results                                                                                  ║
║ [Batch 0] hit ratio: 0.0667   accesses: 5570560   hits: 371666   misses: 5198894                   ║
║ [Batch 1] hit ratio: 0.0976   accesses: 5570560   hits: 543518   misses: 5027042                   ║
╚════════════════════════════════════════════════════════════════════════════════════════════════════╝
(Time elapsed(s) in do simulation:  68.843854sec)



 START OFF-CHIP MEMORY SIMULATION 

[DEBUG] Starting off-chip memory simulation...
[DEBUG] Created intermediate directory: /home/choi/EONSim/intermediate_308535
[DEBUG] Created eonsim_results directory name: eonsim_results_616137
[DEBUG] Removed existing dram_config directory
[DEBUG] Removed existing npumem_config directory
[DEBUG] Copied dram_config from /home/choi/EONSim/configs/mNPUsim_related/dram_config to /home/choi/simulators/mNPUsim/eonsim_config/dram_config
[DEBUG] Copied npumem_config from /home/choi/EONSim/configs/mNPUsim_related/npumem_config to /home/choi/simulators/mNPUsim/eonsim_config/npumem_config
[DEBUG] Generated trace file: /home/choi/EONSim/intermediate_308535/offmem_trace_flat.txt
[DEBUG] Total elements in offmem_trace: 5570560
[DEBUG] -1 count in offmem_trace: 543518
[DEBUG] -1 ratio in offmem_trace: 0.0976
[DEBUG] DRAM config path: eonsim_config/dram_config/total_dram_config/single_hbm3_819gbs.cfg
[DEBUG] NPU memory config path: eonsim_config/npumem_config/npumem_architecture_list/single.txt
[DEBUG] DRAM config file verified: /home/choi/simulators/mNPUsim/eonsim_config/dram_config/total_dram_config/single_hbm3_819gbs.cfg
[DEBUG] NPU memory config file verified: /home/choi/simulators/mNPUsim/eonsim_config/npumem_config/npumem_architecture_list/single.txt
[DEBUG] Executing mnpusim...
[DEBUG] LD_LIBRARY_PATH: /home/choi/simulators/mNPUsim/DRAMsim3
[DEBUG] mnpusim execution completed. Output saved to /home/choi/EONSim/intermediate_308535/output.txt
[DEBUG] Copied result directory to /home/choi/EONSim/intermediate_308535/result
[RESULT] mNPUsim cycles: 16469409

╔════════════════════════════════════════════════════════════════════════════════════════════════════╗
║▒▒▒▒▒▒▒▒▒▒▒▒▒▒▒▒▒▒▒▒▒▒▒▒▒▒▒▒▒▒《 Off-chip Memory Simulation Results 》▒▒▒▒▒▒▒▒▒▒▒▒▒▒▒▒▒▒▒▒▒▒▒▒▒▒▒▒▒▒║
╠════════════════════════════════════════════════════════════════════════════════════════════════════╣
║ Off-chip Memory Cycles: 16469409                                                                   ║
║ Results Directory: /home/choi/EONSim/intermediate_308535                                           ║
╚════════════════════════════════════════════════════════════════════════════════════════════════════╝
[DEBUG] Cleaned up intermediate directory: /home/choi/EONSim/intermediate_308535
[DEBUG] Cleaned up eonsim_results directory: /home/choi/simulators/mNPUsim/eonsim_results_616137
(Time elapsed(s) in off-chip memory simulation: 114.614939sec)
[DEBUG] workload_type: dlrm



 START ENERGY ESTIMATION 

Setting parameters for energy estimation...
Setting workload configuration...
Setting energy table configuration...
 [DEBUG] action type and count for op 0: add 708837376.0
 [DEBUG] action type and count for op 0: add 708837376.0

╔════════════════════════════════════════════════════════════════════════════════════════════════════╗
║▒▒▒▒▒▒▒▒▒▒▒▒▒▒▒▒▒▒▒▒▒▒▒▒▒▒▒▒▒▒▒▒▒▒▒《 Energy Estimation Results 》▒▒▒▒▒▒▒▒▒▒▒▒▒▒▒▒▒▒▒▒▒▒▒▒▒▒▒▒▒▒▒▒▒▒▒║
╚════════════════════════════════════════════════════════════════════════════════════════════════════╝

╔════════════════════════════════════════════════════════════════════════════════════════════════════╗
║▒▒▒▒▒▒▒▒▒▒▒▒▒▒▒▒▒▒▒▒▒▒▒▒▒▒▒▒▒▒▒▒▒▒▒《 Energy Estimation Results 》▒▒▒▒▒▒▒▒▒▒▒▒▒▒▒▒▒▒▒▒▒▒▒▒▒▒▒▒▒▒▒▒▒▒▒║
╠════════════════════════════════════════════════════════════════════════════════════════════════════╣
║ Total Energy: 57740031549.440 pJ                                                                   ║
║ Off-chip Memory Energy: 57265241600.000 pJ (99.18%)                                                ║
║ On-chip Memory Energy: 432259706.880 pJ (0.75%)                                                    ║
║ Operations Energy:                                                                                 ║
║   - Operation 0: 42530242.560 pJ (0.07%)                                                           ║
║                                                                                                    ║
║ Per-Batch Energy:                                                                                  ║
║   - Batch 0:                                                                                       ║
║     Total Energy: 29310616806.400 pJ                                                               ║
║     Off-chip Memory Energy: 29113806400.000 pJ                                                     ║
║     On-chip Memory Energy: 175545285.120 pJ                                                        ║
║     Operations Energy:                                                                             ║
║       - Operation 0: 21265121.280 pJ                                                               ║
║   - Batch 1:                                                                                       ║
║     Total Energy: 28429414743.040 pJ                                                               ║
║     Off-chip Memory Energy: 28151435200.000 pJ                                                     ║
║     On-chip Memory Energy: 256714421.760 pJ                                                        ║
║     Operations Energy:                                                                             ║
║       - Operation 0: 21265121.280 pJ                                                               ║
╚════════════════════════════════════════════════════════════════════════════════════════════════════╝
(Time elapsed(s) in energy estimation:   0.003515sec)
