[DEBUG] script_dir: /home/choi/EONSim/src
[DEBUG] mnpusim_path: /home/choi/EONSim/tools/mNPUsim
[DEBUG] yaml_config_path: /home/choi/EONSim/configs/profile_dcount.yaml
[DEBUG] mnpusim_config_path: /home/choi/EONSim/configs/mNPUsim_related
[DEBUG] yaml_config_path: /home/choi/EONSim/configs/profile_dcount.yaml
[DEBUG] Vector Unit - Lanes: 128, Sublanes: 8, ALUs per sublanes: 4
[DEBUG] Matrix Unit - MXU dimension: 128, Number of MXUs: 4
[DEBUG] Memory - Type: profile, Size: 262144 KB, Policy: profile_dynamic_count

╔════════════════════════════════════════════════════════════════════════════════════════════════════╗
║▒▒▒▒▒▒▒▒▒▒▒▒▒▒▒▒▒▒▒▒▒▒▒▒▒▒▒▒▒▒▒《 General Simulation Configuration 》▒▒▒▒▒▒▒▒▒▒▒▒▒▒▒▒▒▒▒▒▒▒▒▒▒▒▒▒▒▒▒║
╠════════════════════════════════════════════════════════════════════════════════════════════════════╣
║ Dataset: /home/choi/EONSim/datasets/vectordb/trivia_zipf12_100m.txt                                ║
║ Numeric format: 32 bits                                                                            ║
║ Num batches: 2                                                                                     ║
║ Num tables: 1                                                                                      ║
║ Batch Size (samples per batch): 8                                                                  ║
║ Vectors per table: 15000000                                                                        ║
║ Lookups per sample: 117188                                                                         ║
║ Embedding Dimension 768                                                                            ║
╚════════════════════════════════════════════════════════════════════════════════════════════════════╝
(Time elapsed(s) in model and data gen:  21.005616sec)
[DEBUG] lS_i shape: (2, 1, 937504)
[DEBUG] addr_trace shape: (2, 1, 22500096)
Starting multiprocessing with 127 cores...
(Time elapsed(s) in address generation:  99.015072sec)
[DEBUG] self.offmem_trace shape: (2, 1, 22500096)
[DEBUG] cache_way: 128 cache_line_size: 128 cache_set: 16384

╔════════════════════════════════════════════════════════════════════════════════════════════════════╗
║▒▒▒▒▒▒▒▒▒▒▒▒▒▒▒▒▒▒▒▒▒▒▒▒▒▒▒▒▒▒▒▒▒《 On-Chip Memory Configuration 》▒▒▒▒▒▒▒▒▒▒▒▒▒▒▒▒▒▒▒▒▒▒▒▒▒▒▒▒▒▒▒▒▒║
╠════════════════════════════════════════════════════════════════════════════════════════════════════╣
║ Memory size: 268435456 B (256 MB)                                                                  ║
║ Memory type: profile                                                                               ║
║ Memory policy: profile_dynamic_count                                                               ║
╚════════════════════════════════════════════════════════════════════════════════════════════════════╝
[DEBUG] counter array is empty. Set the spad with the naive method.
on mem data structure size: 16384.11 KB
(Time elapsed(s) in create memory structure:   9.187174sec)

╔════════════════════════════════════════════════════════════════════════════════════════════════════╗
║▒▒▒▒▒▒▒▒▒▒▒▒▒▒▒▒▒▒▒▒▒▒▒▒▒▒▒▒▒▒▒▒▒▒▒▒▒▒▒《 Simulation Start 》▒▒▒▒▒▒▒▒▒▒▒▒▒▒▒▒▒▒▒▒▒▒▒▒▒▒▒▒▒▒▒▒▒▒▒▒▒▒▒║
╚════════════════════════════════════════════════════════════════════════════════════════════════════╝
[DEBUG] dynamic_counter_threshold: 450001920
Simulation for batch 0...
[DEBUG] shape of addresses during dcount set_spad: (87381, 24)
[DEBUG] shape of on_mem_set during dcount set_spad: (2097144,)
Simulation for batch 1...
[DEBUG] shape of addresses during dcount set_spad: (87381, 24)
[DEBUG] shape of on_mem_set during dcount set_spad: (2097144,)
Simulation Done

╔════════════════════════════════════════════════════════════════════════════════════════════════════╗
║▒▒▒▒▒▒▒▒▒▒▒▒▒▒▒▒▒▒▒▒▒▒▒▒▒▒▒▒▒▒▒▒▒▒▒▒▒▒《 Simulation Results 》▒▒▒▒▒▒▒▒▒▒▒▒▒▒▒▒▒▒▒▒▒▒▒▒▒▒▒▒▒▒▒▒▒▒▒▒▒▒║
╠════════════════════════════════════════════════════════════════════════════════════════════════════╣
║ Total hit ratio: 0.1135                                                                            ║
║ Total accesses: 45000192                                                                           ║
║ Total hits: 5106000                                                                                ║
║ Total misses: 39894192                                                                             ║
║                                                                                                    ║
║ Per batch results:                                                                                 ║
║ [Batch 0] hit ratio: 0.0058 accesses: 22500096 hits: 131304 misses: 22368792                       ║
║ [Batch 0] spad load: 2097152                                                                       ║
║ [Batch 1] hit ratio: 0.2211 accesses: 22500096 hits: 4974696 misses: 17525400                      ║
║ [Batch 1] spad load: 2097152                                                                       ║
╚════════════════════════════════════════════════════════════════════════════════════════════════════╝
(Time elapsed(s) in do simulation:  21.472444sec)
