[DEBUG] script_dir: /home/choi/EONSim/src
[DEBUG] yaml_config_path: /home/choi/EONSim/configs/cache_SRRIP.yaml
[DEBUG] mnpusim_config_path: /home/choi/EONSim/configs/mNPUsim_related
[DEBUG] yaml_config_path: /home/choi/EONSim/configs/cache_SRRIP.yaml
[DEBUG] Vector Unit - Lanes: 128, Sublanes: 8, ALUs per sublanes: 4
[DEBUG] Matrix Unit - MXU dimension: 128, Number of MXUs: 4
[DEBUG] Memory - Type: cache, Size: 131072 KB, Policy: cache_SRRIP

╔════════════════════════════════════════════════════════════════════════════════════════════════════╗
║▒▒▒▒▒▒▒▒▒▒▒▒▒▒▒▒▒▒▒▒▒▒▒▒▒▒▒▒▒▒▒《 General Simulation Configuration 》▒▒▒▒▒▒▒▒▒▒▒▒▒▒▒▒▒▒▒▒▒▒▒▒▒▒▒▒▒▒▒║
╠════════════════════════════════════════════════════════════════════════════════════════════════════╣
║ Dataset: /home/choi/EONSim/datasets/dlrm/reuse_low_trunc.txt                                       ║
║ Numeric format: 8 bits                                                                             ║
║ Num batches: 1                                                                                     ║
║ Num tables: 512                                                                                    ║
║ Batch Size (samples per batch): 32                                                                 ║
║ Vectors per table: 1000000                                                                         ║
║ Lookups per sample: 170                                                                            ║
║ Embedding Dimension 256                                                                            ║
╚════════════════════════════════════════════════════════════════════════════════════════════════════╝
(Time elapsed(s) in model and data gen:   0.365212sec)
[DEBUG] lS_i shape: (1, 512, 5440)
[DEBUG] addr_trace shape: (1, 512, 10880)
Starting multiprocessing with 127 cores...
(Time elapsed(s) in address generation:  24.018640sec)

╔════════════════════════════════════════════════════════════════════════════════════════════════════╗
║▒▒▒▒▒▒▒▒▒▒▒▒▒▒▒▒▒▒▒▒▒▒▒▒▒▒▒▒▒▒▒▒▒《 On-Chip Memory Configuration 》▒▒▒▒▒▒▒▒▒▒▒▒▒▒▒▒▒▒▒▒▒▒▒▒▒▒▒▒▒▒▒▒▒║
╠════════════════════════════════════════════════════════════════════════════════════════════════════╣
║ Memory size: 134217728 B (128 MB)                                                                  ║
║ Memory type: cache                                                                                 ║
║ Memory policy: cache_SRRIP                                                                         ║
║ Cache way: 16-way                                                                                  ║
║ Cache line size: 128 B                                                                             ║
║ Cache set: 65536 sets                                                                              ║
║ Cache tag bits: 25 bits                                                                            ║
╚════════════════════════════════════════════════════════════════════════════════════════════════════╝
on mem data structure size: 549.30 KB
(Time elapsed(s) in create memory structure:   0.022574sec)

╔════════════════════════════════════════════════════════════════════════════════════════════════════╗
║▒▒▒▒▒▒▒▒▒▒▒▒▒▒▒▒▒▒▒▒▒▒▒▒▒▒▒▒▒▒▒▒▒▒▒▒▒▒▒《 Simulation Start 》▒▒▒▒▒▒▒▒▒▒▒▒▒▒▒▒▒▒▒▒▒▒▒▒▒▒▒▒▒▒▒▒▒▒▒▒▒▒▒║
╚════════════════════════════════════════════════════════════════════════════════════════════════════╝
Processing batch 0...
Simulation Done

╔════════════════════════════════════════════════════════════════════════════════════════════════════╗
║▒▒▒▒▒▒▒▒▒▒▒▒▒▒▒▒▒▒▒▒▒▒▒▒▒▒▒▒▒▒▒▒▒▒▒▒▒▒《 Simulation Results 》▒▒▒▒▒▒▒▒▒▒▒▒▒▒▒▒▒▒▒▒▒▒▒▒▒▒▒▒▒▒▒▒▒▒▒▒▒▒║
╠════════════════════════════════════════════════════════════════════════════════════════════════════╣
║ Total hit ratio: 0.0667                                                                            ║
║ Total accesses: 5570560                                                                            ║
║ Total hits: 371666                                                                                 ║
║ Total misses: 5198894                                                                              ║
║ ----------------------------------------                                                           ║
║ Per batch results                                                                                  ║
║ [Batch 0] hit ratio: 0.0667   accesses: 5570560   hits: 371666   misses: 5198894                   ║
╚════════════════════════════════════════════════════════════════════════════════════════════════════╝
(Time elapsed(s) in do simulation:  30.182636sec)
