[DEBUG] script_dir: /home/choi/EONSim/src
[DEBUG] yaml_config_path: /home/choi/EONSim/configs/profile_dcount.yaml
[DEBUG] mnpusim_config_path: /home/choi/EONSim/configs/mNPUsim_related
[DEBUG] yaml_config_path: /home/choi/EONSim/configs/profile_dcount.yaml
[DEBUG] Vector Unit - Lanes: 128, Sublanes: 8, ALUs per sublanes: 4
[DEBUG] Matrix Unit - MXU dimension: 128, Number of MXUs: 4
[DEBUG] Memory - Type: profile, Size: 131072 KB, Policy: profile_dynamic_count

╔════════════════════════════════════════════════════════════════════════════════════════════════════╗
║▒▒▒▒▒▒▒▒▒▒▒▒▒▒▒▒▒▒▒▒▒▒▒▒▒▒▒▒▒▒▒《 General Simulation Configuration 》▒▒▒▒▒▒▒▒▒▒▒▒▒▒▒▒▒▒▒▒▒▒▒▒▒▒▒▒▒▒▒║
╠════════════════════════════════════════════════════════════════════════════════════════════════════╣
║ Dataset: /home/choi/EONSim/datasets/vectordb/deep250m_100m.txt                                     ║
║ Numeric format: 32 bits                                                                            ║
║ Num batches: 20                                                                                    ║
║ Num tables: 1                                                                                      ║
║ Batch Size (samples per batch): 1                                                                  ║
║ Vectors per table: 250000000                                                                       ║
║ Lookups per sample: 2500000                                                                        ║
║ Embedding Dimension 96                                                                             ║
╚════════════════════════════════════════════════════════════════════════════════════════════════════╝
(Time elapsed(s) in model and data gen:  25.534394sec)
[DEBUG] lS_i shape: (20, 1, 2500000)
[DEBUG] addr_trace shape: (20, 1, 7500000)
Starting multiprocessing with 127 cores...
(Time elapsed(s) in address generation:  40.782686sec)
[DEBUG] profiled_path: /home/choi/EONSim/datasets/profiled_datasets/deep250m_100m.txt
[DEBUG] self.offmem_trace shape: (20, 1, 7500000)
[DEBUG] cache_way: 128 cache_line_size: 128 cache_set: 8192

╔════════════════════════════════════════════════════════════════════════════════════════════════════╗
║▒▒▒▒▒▒▒▒▒▒▒▒▒▒▒▒▒▒▒▒▒▒▒▒▒▒▒▒▒▒▒▒▒《 On-Chip Memory Configuration 》▒▒▒▒▒▒▒▒▒▒▒▒▒▒▒▒▒▒▒▒▒▒▒▒▒▒▒▒▒▒▒▒▒║
╠════════════════════════════════════════════════════════════════════════════════════════════════════╣
║ Memory size: 134217728 B (128 MB)                                                                  ║
║ Memory type: profile                                                                               ║
║ Memory policy: profile_dynamic_count                                                               ║
╚════════════════════════════════════════════════════════════════════════════════════════════════════╝
[DEBUG] counter array is empty. Set the spad with the naive method.
on mem data structure size: 8192.11 KB
(Time elapsed(s) in create memory structure:   4.862951sec)

╔════════════════════════════════════════════════════════════════════════════════════════════════════╗
║▒▒▒▒▒▒▒▒▒▒▒▒▒▒▒▒▒▒▒▒▒▒▒▒▒▒▒▒▒▒▒▒▒▒▒▒▒▒▒《 Simulation Start 》▒▒▒▒▒▒▒▒▒▒▒▒▒▒▒▒▒▒▒▒▒▒▒▒▒▒▒▒▒▒▒▒▒▒▒▒▒▒▒║
╚════════════════════════════════════════════════════════════════════════════════════════════════════╝
[DEBUG] dynamic_counter_threshold: 1500000000
Simulation for batch 0...
Simulation for batch 1...
Simulation for batch 2...
Simulation for batch 3...
Simulation for batch 4...
Simulation for batch 5...
Simulation for batch 6...
Simulation for batch 7...
Simulation for batch 8...
Simulation for batch 9...
[DEBUG] shape of addresses during dcount set_spad: (349525, 3)
[DEBUG] shape of on_mem_set during dcount set_spad: (1048575,)
Simulation for batch 10...
Simulation for batch 11...
Simulation for batch 12...
Simulation for batch 13...
Simulation for batch 14...
Simulation for batch 15...
Simulation for batch 16...
Simulation for batch 17...
Simulation for batch 18...
Simulation for batch 19...
[DEBUG] shape of addresses during dcount set_spad: (349525, 3)
[DEBUG] shape of on_mem_set during dcount set_spad: (1048575,)
Simulation Done

╔════════════════════════════════════════════════════════════════════════════════════════════════════╗
║▒▒▒▒▒▒▒▒▒▒▒▒▒▒▒▒▒▒▒▒▒▒▒▒▒▒▒▒▒▒▒▒▒▒▒▒▒▒《 Simulation Results 》▒▒▒▒▒▒▒▒▒▒▒▒▒▒▒▒▒▒▒▒▒▒▒▒▒▒▒▒▒▒▒▒▒▒▒▒▒▒║
╠════════════════════════════════════════════════════════════════════════════════════════════════════╣
║ Total hit ratio: 0.0938                                                                            ║
║ Total accesses: 150000000                                                                          ║
║ Total hits: 14070399                                                                               ║
║ Total misses: 135929601                                                                            ║
║                                                                                                    ║
║ Per batch results:                                                                                 ║
║ [Batch 0] hit ratio: 0.0000 accesses: 7500000 hits: 0 misses: 7500000                              ║
║ [Batch 0] spad load: 0                                                                             ║
║ [Batch 1] hit ratio: 0.0012 accesses: 7500000 hits: 9000 misses: 7491000                           ║
║ [Batch 1] spad load: 0                                                                             ║
║ [Batch 2] hit ratio: 0.0011 accesses: 7500000 hits: 8424 misses: 7491576                           ║
║ [Batch 2] spad load: 0                                                                             ║
║ [Batch 3] hit ratio: 0.0000 accesses: 7500000 hits: 0 misses: 7500000                              ║
║ [Batch 3] spad load: 0                                                                             ║
║ [Batch 4] hit ratio: 0.0024 accesses: 7500000 hits: 18117 misses: 7481883                          ║
║ [Batch 4] spad load: 0                                                                             ║
║ [Batch 5] hit ratio: 0.0000 accesses: 7500000 hits: 0 misses: 7500000                              ║
║ [Batch 5] spad load: 0                                                                             ║
║ [Batch 6] hit ratio: 0.0000 accesses: 7500000 hits: 0 misses: 7500000                              ║
║ [Batch 6] spad load: 0                                                                             ║
║ [Batch 7] hit ratio: 0.0000 accesses: 7500000 hits: 0 misses: 7500000                              ║
║ [Batch 7] spad load: 0                                                                             ║
║ [Batch 8] hit ratio: 0.0000 accesses: 7500000 hits: 0 misses: 7500000                              ║
║ [Batch 8] spad load: 0                                                                             ║
║ [Batch 9] hit ratio: 0.0000 accesses: 7500000 hits: 0 misses: 7500000                              ║
║ [Batch 9] spad load: 1048576                                                                       ║
║ [Batch 10] hit ratio: 0.1936 accesses: 7500000 hits: 1451958 misses: 6048042                       ║
║ [Batch 10] spad load: 0                                                                            ║
║ [Batch 11] hit ratio: 0.0000 accesses: 7500000 hits: 0 misses: 7500000                             ║
║ [Batch 11] spad load: 0                                                                            ║
║ [Batch 12] hit ratio: 0.1908 accesses: 7500000 hits: 1431186 misses: 6068814                       ║
║ [Batch 12] spad load: 0                                                                            ║
║ [Batch 13] hit ratio: 0.0888 accesses: 7500000 hits: 665964 misses: 6834036                        ║
║ [Batch 13] spad load: 0                                                                            ║
║ [Batch 14] hit ratio: 0.1398 accesses: 7500000 hits: 1048575 misses: 6451425                       ║
║ [Batch 14] spad load: 0                                                                            ║
║ [Batch 15] hit ratio: 0.3258 accesses: 7500000 hits: 2443776 misses: 5056224                       ║
║ [Batch 15] spad load: 0                                                                            ║
║ [Batch 16] hit ratio: 0.2334 accesses: 7500000 hits: 1750524 misses: 5749476                       ║
║ [Batch 16] spad load: 0                                                                            ║
║ [Batch 17] hit ratio: 0.1904 accesses: 7500000 hits: 1428051 misses: 6071949                       ║
║ [Batch 17] spad load: 0                                                                            ║
║ [Batch 18] hit ratio: 0.2290 accesses: 7500000 hits: 1717674 misses: 5782326                       ║
║ [Batch 18] spad load: 0                                                                            ║
║ [Batch 19] hit ratio: 0.2796 accesses: 7500000 hits: 2097150 misses: 5402850                       ║
║ [Batch 19] spad load: 1048576                                                                      ║
╚════════════════════════════════════════════════════════════════════════════════════════════════════╝
(Time elapsed(s) in do simulation: 163.245470sec)
[DEBUG] workload_type: vectordb



 START ENERGY ESTIMATION 

Setting parameters for energy estimation...
Setting workload configuration...
Setting energy table configuration...
 [DEBUG] action type and count for op 0: add 960000000.0
 [DEBUG] action type and count for op 1: mul 960000000.0
 [DEBUG] action type and count for op 0: add 960000000.0
 [DEBUG] action type and count for op 1: mul 960000000.0
 [DEBUG] action type and count for op 0: add 960000000.0
 [DEBUG] action type and count for op 1: mul 960000000.0
 [DEBUG] action type and count for op 0: add 960000000.0
 [DEBUG] action type and count for op 1: mul 960000000.0
 [DEBUG] action type and count for op 0: add 960000000.0
 [DEBUG] action type and count for op 1: mul 960000000.0
 [DEBUG] action type and count for op 0: add 960000000.0
 [DEBUG] action type and count for op 1: mul 960000000.0
 [DEBUG] action type and count for op 0: add 960000000.0
 [DEBUG] action type and count for op 1: mul 960000000.0
 [DEBUG] action type and count for op 0: add 960000000.0
 [DEBUG] action type and count for op 1: mul 960000000.0
 [DEBUG] action type and count for op 0: add 960000000.0
 [DEBUG] action type and count for op 1: mul 960000000.0
 [DEBUG] action type and count for op 0: add 960000000.0
 [DEBUG] action type and count for op 1: mul 960000000.0
 [DEBUG] action type and count for op 0: add 960000000.0
 [DEBUG] action type and count for op 1: mul 960000000.0
 [DEBUG] action type and count for op 0: add 960000000.0
 [DEBUG] action type and count for op 1: mul 960000000.0
 [DEBUG] action type and count for op 0: add 960000000.0
 [DEBUG] action type and count for op 1: mul 960000000.0
 [DEBUG] action type and count for op 0: add 960000000.0
 [DEBUG] action type and count for op 1: mul 960000000.0
 [DEBUG] action type and count for op 0: add 960000000.0
 [DEBUG] action type and count for op 1: mul 960000000.0
 [DEBUG] action type and count for op 0: add 960000000.0
 [DEBUG] action type and count for op 1: mul 960000000.0
 [DEBUG] action type and count for op 0: add 960000000.0
 [DEBUG] action type and count for op 1: mul 960000000.0
 [DEBUG] action type and count for op 0: add 960000000.0
 [DEBUG] action type and count for op 1: mul 960000000.0
 [DEBUG] action type and count for op 0: add 960000000.0
 [DEBUG] action type and count for op 1: mul 960000000.0
 [DEBUG] action type and count for op 0: add 960000000.0
 [DEBUG] action type and count for op 1: mul 960000000.0

╔════════════════════════════════════════════════════════════════════════════════════════════════════╗
║▒▒▒▒▒▒▒▒▒▒▒▒▒▒▒▒▒▒▒▒▒▒▒▒▒▒▒▒▒▒▒▒▒▒▒《 Energy Estimation Results 》▒▒▒▒▒▒▒▒▒▒▒▒▒▒▒▒▒▒▒▒▒▒▒▒▒▒▒▒▒▒▒▒▒▒▒║
╚════════════════════════════════════════════════════════════════════════════════════════════════════╝

╔════════════════════════════════════════════════════════════════════════════════════════════════════╗
║▒▒▒▒▒▒▒▒▒▒▒▒▒▒▒▒▒▒▒▒▒▒▒▒▒▒▒▒▒▒▒▒▒▒▒《 Energy Estimation Results 》▒▒▒▒▒▒▒▒▒▒▒▒▒▒▒▒▒▒▒▒▒▒▒▒▒▒▒▒▒▒▒▒▒▒▒║
╠════════════════════════════════════════════════════════════════════════════════════════════════════╣
║ Total Energy: 794251496455.680 pJ                                                                  ║
║ Off-chip Memory Energy: 761205765600.000 pJ (95.84%)                                               ║
║ On-chip Memory Energy: 6645730855.680 pJ (0.84%)                                                   ║
║ Operations Energy:                                                                                 ║
║   - Operation 0: 4320000000.000 pJ (0.54%)                                                         ║
║   - Operation 1: 17760000000.000 pJ (2.24%)                                                        ║
║   - Operation 2: 4286250000.000 pJ (0.54%)                                                         ║
║   - Operation 3: 33750000.000 pJ (0.00%)                                                           ║
║                                                                                                    ║
║ Per-Batch Energy:                                                                                  ║
║   - Batch 0:                                                                                       ║
║     Total Energy: 43320000000.000 pJ                                                               ║
║     Off-chip Memory Energy: 42000000000.000 pJ                                                     ║
║     On-chip Memory Energy: 0.000 pJ                                                                ║
║     Operations Energy:                                                                             ║
║       - Operation 0: 216000000.000 pJ                                                              ║
║       - Operation 1: 888000000.000 pJ                                                              ║
║       - Operation 2: 214312500.000 pJ                                                              ║
║       - Operation 3: 1687500.000 pJ                                                                ║
║   - Batch 1:                                                                                       ║
║     Total Energy: 43273850880.000 pJ                                                               ║
║     Off-chip Memory Energy: 41949600000.000 pJ                                                     ║
║     On-chip Memory Energy: 4250880.000 pJ                                                          ║
║     Operations Energy:                                                                             ║
║       - Operation 0: 216000000.000 pJ                                                              ║
║       - Operation 1: 888000000.000 pJ                                                              ║
║       - Operation 2: 214312500.000 pJ                                                              ║
║       - Operation 3: 1687500.000 pJ                                                                ║
║   - Batch 2:                                                                                       ║
║     Total Energy: 43276804423.680 pJ                                                               ║
║     Off-chip Memory Energy: 41952825600.000 pJ                                                     ║
║     On-chip Memory Energy: 3978823.680 pJ                                                          ║
║     Operations Energy:                                                                             ║
║       - Operation 0: 216000000.000 pJ                                                              ║
║       - Operation 1: 888000000.000 pJ                                                              ║
║       - Operation 2: 214312500.000 pJ                                                              ║
║       - Operation 3: 1687500.000 pJ                                                                ║
║   - Batch 3:                                                                                       ║
║     Total Energy: 43320000000.000 pJ                                                               ║
║     Off-chip Memory Energy: 42000000000.000 pJ                                                     ║
║     On-chip Memory Energy: 0.000 pJ                                                                ║
║     Operations Energy:                                                                             ║
║       - Operation 0: 216000000.000 pJ                                                              ║
║       - Operation 1: 888000000.000 pJ                                                              ║
║       - Operation 2: 214312500.000 pJ                                                              ║
║       - Operation 3: 1687500.000 pJ                                                                ║
║   - Batch 4:                                                                                       ║
║     Total Energy: 43227101821.440 pJ                                                               ║
║     Off-chip Memory Energy: 41898544800.000 pJ                                                     ║
║     On-chip Memory Energy: 8557021.440 pJ                                                          ║
║     Operations Energy:                                                                             ║
║       - Operation 0: 216000000.000 pJ                                                              ║
║       - Operation 1: 888000000.000 pJ                                                              ║
║       - Operation 2: 214312500.000 pJ                                                              ║
║       - Operation 3: 1687500.000 pJ                                                                ║
║   - Batch 5:                                                                                       ║
║     Total Energy: 43320000000.000 pJ                                                               ║
║     Off-chip Memory Energy: 42000000000.000 pJ                                                     ║
║     On-chip Memory Energy: 0.000 pJ                                                                ║
║     Operations Energy:                                                                             ║
║       - Operation 0: 216000000.000 pJ                                                              ║
║       - Operation 1: 888000000.000 pJ                                                              ║
║       - Operation 2: 214312500.000 pJ                                                              ║
║       - Operation 3: 1687500.000 pJ                                                                ║
║   - Batch 6:                                                                                       ║
║     Total Energy: 43320000000.000 pJ                                                               ║
║     Off-chip Memory Energy: 42000000000.000 pJ                                                     ║
║     On-chip Memory Energy: 0.000 pJ                                                                ║
║     Operations Energy:                                                                             ║
║       - Operation 0: 216000000.000 pJ                                                              ║
║       - Operation 1: 888000000.000 pJ                                                              ║
║       - Operation 2: 214312500.000 pJ                                                              ║
║       - Operation 3: 1687500.000 pJ                                                                ║
║   - Batch 7:                                                                                       ║
║     Total Energy: 43320000000.000 pJ                                                               ║
║     Off-chip Memory Energy: 42000000000.000 pJ                                                     ║
║     On-chip Memory Energy: 0.000 pJ                                                                ║
║     Operations Energy:                                                                             ║
║       - Operation 0: 216000000.000 pJ                                                              ║
║       - Operation 1: 888000000.000 pJ                                                              ║
║       - Operation 2: 214312500.000 pJ                                                              ║
║       - Operation 3: 1687500.000 pJ                                                                ║
║   - Batch 8:                                                                                       ║
║     Total Energy: 43320000000.000 pJ                                                               ║
║     Off-chip Memory Energy: 42000000000.000 pJ                                                     ║
║     On-chip Memory Energy: 0.000 pJ                                                                ║
║     Operations Energy:                                                                             ║
║       - Operation 0: 216000000.000 pJ                                                              ║
║       - Operation 1: 888000000.000 pJ                                                              ║
║       - Operation 2: 214312500.000 pJ                                                              ║
║       - Operation 3: 1687500.000 pJ                                                                ║
║   - Batch 9:                                                                                       ║
║     Total Energy: 43320000000.000 pJ                                                               ║
║     Off-chip Memory Energy: 42000000000.000 pJ                                                     ║
║     On-chip Memory Energy: 0.000 pJ                                                                ║
║     Operations Energy:                                                                             ║
║       - Operation 0: 216000000.000 pJ                                                              ║
║       - Operation 1: 888000000.000 pJ                                                              ║
║       - Operation 2: 214312500.000 pJ                                                              ║
║       - Operation 3: 1687500.000 pJ                                                                ║
║   - Batch 10:                                                                                      ║
║     Total Energy: 35874824002.560 pJ                                                               ║
║     Off-chip Memory Energy: 33869035200.000 pJ                                                     ║
║     On-chip Memory Energy: 685788802.560 pJ                                                        ║
║     Operations Energy:                                                                             ║
║       - Operation 0: 216000000.000 pJ                                                              ║
║       - Operation 1: 888000000.000 pJ                                                              ║
║       - Operation 2: 214312500.000 pJ                                                              ║
║       - Operation 3: 1687500.000 pJ                                                                ║
║   - Batch 11:                                                                                      ║
║     Total Energy: 43320000000.000 pJ                                                               ║
║     Off-chip Memory Energy: 42000000000.000 pJ                                                     ║
║     On-chip Memory Energy: 0.000 pJ                                                                ║
║     Operations Energy:                                                                             ║
║       - Operation 0: 216000000.000 pJ                                                              ║
║       - Operation 1: 888000000.000 pJ                                                              ║
║       - Operation 2: 214312500.000 pJ                                                              ║
║       - Operation 3: 1687500.000 pJ                                                                ║
║   - Batch 12:                                                                                      ║
║     Total Energy: 35981336171.520 pJ                                                               ║
║     Off-chip Memory Energy: 33985358400.000 pJ                                                     ║
║     On-chip Memory Energy: 675977771.520 pJ                                                        ║
║     Operations Energy:                                                                             ║
║       - Operation 0: 216000000.000 pJ                                                              ║
║       - Operation 1: 888000000.000 pJ                                                              ║
║       - Operation 2: 214312500.000 pJ                                                              ║
║       - Operation 3: 1687500.000 pJ                                                                ║
║   - Batch 13:                                                                                      ║
║     Total Energy: 39905149716.480 pJ                                                               ║
║     Off-chip Memory Energy: 38270601600.000 pJ                                                     ║
║     On-chip Memory Energy: 314548116.480 pJ                                                        ║
║     Operations Energy:                                                                             ║
║       - Operation 0: 216000000.000 pJ                                                              ║
║       - Operation 1: 888000000.000 pJ                                                              ║
║       - Operation 2: 214312500.000 pJ                                                              ║
║       - Operation 3: 1687500.000 pJ                                                                ║
║   - Batch 14:                                                                                      ║
║     Total Energy: 37943242944.000 pJ                                                               ║
║     Off-chip Memory Energy: 36127980000.000 pJ                                                     ║
║     On-chip Memory Energy: 495262944.000 pJ                                                        ║
║     Operations Energy:                                                                             ║
║       - Operation 0: 216000000.000 pJ                                                              ║
║       - Operation 1: 888000000.000 pJ                                                              ║
║       - Operation 2: 214312500.000 pJ                                                              ║
║       - Operation 3: 1687500.000 pJ                                                                ║
║   - Batch 15:                                                                                      ║
║     Total Energy: 30789098680.320 pJ                                                               ║
║     Off-chip Memory Energy: 28314854400.000 pJ                                                     ║
║     On-chip Memory Energy: 1154244280.320 pJ                                                       ║
║     Operations Energy:                                                                             ║
║       - Operation 0: 216000000.000 pJ                                                              ║
║       - Operation 1: 888000000.000 pJ                                                              ║
║       - Operation 2: 214312500.000 pJ                                                              ║
║       - Operation 3: 1687500.000 pJ                                                                ║
║   - Batch 16:                                                                                      ║
║     Total Energy: 34343873095.680 pJ                                                               ║
║     Off-chip Memory Energy: 32197065600.000 pJ                                                     ║
║     On-chip Memory Energy: 826807495.680 pJ                                                        ║
║     Operations Energy:                                                                             ║
║       - Operation 0: 216000000.000 pJ                                                              ║
║       - Operation 1: 888000000.000 pJ                                                              ║
║       - Operation 2: 214312500.000 pJ                                                              ║
║       - Operation 3: 1687500.000 pJ                                                                ║
║   - Batch 17:                                                                                      ║
║     Total Energy: 35997411448.320 pJ                                                               ║
║     Off-chip Memory Energy: 34002914400.000 pJ                                                     ║
║     On-chip Memory Energy: 674497048.320 pJ                                                        ║
║     Operations Energy:                                                                             ║
║       - Operation 0: 216000000.000 pJ                                                              ║
║       - Operation 1: 888000000.000 pJ                                                              ║
║       - Operation 2: 214312500.000 pJ                                                              ║
║       - Operation 3: 1687500.000 pJ                                                                ║
║   - Batch 18:                                                                                      ║
║     Total Energy: 34512317383.680 pJ                                                               ║
║     Off-chip Memory Energy: 32381025600.000 pJ                                                     ║
║     On-chip Memory Energy: 811291783.680 pJ                                                        ║
║     Operations Energy:                                                                             ║
║       - Operation 0: 216000000.000 pJ                                                              ║
║       - Operation 1: 888000000.000 pJ                                                              ║
║       - Operation 2: 214312500.000 pJ                                                              ║
║       - Operation 3: 1687500.000 pJ                                                                ║
║   - Batch 19:                                                                                      ║
║     Total Energy: 32566485888.000 pJ                                                               ║
║     Off-chip Memory Energy: 30255960000.000 pJ                                                     ║
║     On-chip Memory Energy: 990525888.000 pJ                                                        ║
║     Operations Energy:                                                                             ║
║       - Operation 0: 216000000.000 pJ                                                              ║
║       - Operation 1: 888000000.000 pJ                                                              ║
║       - Operation 2: 214312500.000 pJ                                                              ║
║       - Operation 3: 1687500.000 pJ                                                                ║
╚════════════════════════════════════════════════════════════════════════════════════════════════════╝
(Time elapsed(s) in energy estimation:   0.004549sec)
