[DEBUG] script_dir: /home/choi/EONSim/src
[DEBUG] mnpusim_path: /home/choi/EONSim/tools/mNPUsim
[DEBUG] yaml_config_path: /home/choi/EONSim/configs/profile_dcount.yaml
[DEBUG] mnpusim_config_path: /home/choi/EONSim/configs/mNPUsim_related
[DEBUG] yaml_config_path: /home/choi/EONSim/configs/profile_dcount.yaml
[DEBUG] Vector Unit - Lanes: 128, Sublanes: 8, ALUs per sublanes: 4
[DEBUG] Matrix Unit - MXU dimension: 128, Number of MXUs: 4
[DEBUG] Memory - Type: profile, Size: 262144 KB, Policy: profile_dynamic_count

╔════════════════════════════════════════════════════════════════════════════════════════════════════╗
║▒▒▒▒▒▒▒▒▒▒▒▒▒▒▒▒▒▒▒▒▒▒▒▒▒▒▒▒▒▒▒《 General Simulation Configuration 》▒▒▒▒▒▒▒▒▒▒▒▒▒▒▒▒▒▒▒▒▒▒▒▒▒▒▒▒▒▒▒║
╠════════════════════════════════════════════════════════════════════════════════════════════════════╣
║ Dataset: /home/choi/EONSim/datasets/vectordb/trivia_zipf12_100m.txt                                ║
║ Numeric format: 32 bits                                                                            ║
║ Num batches: 20                                                                                    ║
║ Num tables: 1                                                                                      ║
║ Batch Size (samples per batch): 8                                                                  ║
║ Vectors per table: 15000000                                                                        ║
║ Lookups per sample: 117188                                                                         ║
║ Embedding Dimension 768                                                                            ║
╚════════════════════════════════════════════════════════════════════════════════════════════════════╝
(Time elapsed(s) in model and data gen:  22.368037sec)
[DEBUG] lS_i shape: (20, 1, 937504)
[DEBUG] addr_trace shape: (20, 1, 22500096)
Starting multiprocessing with 127 cores...
(Time elapsed(s) in address generation: 109.106694sec)
[DEBUG] self.offmem_trace shape: (20, 1, 22500096)
[DEBUG] cache_way: 128 cache_line_size: 128 cache_set: 16384

╔════════════════════════════════════════════════════════════════════════════════════════════════════╗
║▒▒▒▒▒▒▒▒▒▒▒▒▒▒▒▒▒▒▒▒▒▒▒▒▒▒▒▒▒▒▒▒▒《 On-Chip Memory Configuration 》▒▒▒▒▒▒▒▒▒▒▒▒▒▒▒▒▒▒▒▒▒▒▒▒▒▒▒▒▒▒▒▒▒║
╠════════════════════════════════════════════════════════════════════════════════════════════════════╣
║ Memory size: 268435456 B (256 MB)                                                                  ║
║ Memory type: profile                                                                               ║
║ Memory policy: profile_dynamic_count                                                               ║
╚════════════════════════════════════════════════════════════════════════════════════════════════════╝
[DEBUG] counter array is empty. Set the spad with the naive method.
on mem data structure size: 16384.11 KB
(Time elapsed(s) in create memory structure:   9.976237sec)

╔════════════════════════════════════════════════════════════════════════════════════════════════════╗
║▒▒▒▒▒▒▒▒▒▒▒▒▒▒▒▒▒▒▒▒▒▒▒▒▒▒▒▒▒▒▒▒▒▒▒▒▒▒▒《 Simulation Start 》▒▒▒▒▒▒▒▒▒▒▒▒▒▒▒▒▒▒▒▒▒▒▒▒▒▒▒▒▒▒▒▒▒▒▒▒▒▒▒║
╚════════════════════════════════════════════════════════════════════════════════════════════════════╝
[DEBUG] dynamic_counter_threshold: 4500019200
Simulation for batch 0...
Simulation for batch 1...
Simulation for batch 2...
Simulation for batch 3...
Simulation for batch 4...
Simulation for batch 5...
Simulation for batch 6...
Simulation for batch 7...
Simulation for batch 8...
Simulation for batch 9...
[DEBUG] shape of addresses during dcount set_spad: (87381, 24)
[DEBUG] shape of on_mem_set during dcount set_spad: (2097144,)
Simulation for batch 10...
Simulation for batch 11...
Simulation for batch 12...
Simulation for batch 13...
Simulation for batch 14...
Simulation for batch 15...
Simulation for batch 16...
Simulation for batch 17...
Simulation for batch 18...
Simulation for batch 19...
[DEBUG] shape of addresses during dcount set_spad: (87381, 24)
[DEBUG] shape of on_mem_set during dcount set_spad: (2097144,)
Simulation Done

╔════════════════════════════════════════════════════════════════════════════════════════════════════╗
║▒▒▒▒▒▒▒▒▒▒▒▒▒▒▒▒▒▒▒▒▒▒▒▒▒▒▒▒▒▒▒▒▒▒▒▒▒▒《 Simulation Results 》▒▒▒▒▒▒▒▒▒▒▒▒▒▒▒▒▒▒▒▒▒▒▒▒▒▒▒▒▒▒▒▒▒▒▒▒▒▒║
╠════════════════════════════════════════════════════════════════════════════════════════════════════╣
║ Total hit ratio: 0.1445                                                                            ║
║ Total accesses: 450001920                                                                          ║
║ Total hits: 65031264                                                                               ║
║ Total misses: 384970656                                                                            ║
║                                                                                                    ║
║ Per batch results:                                                                                 ║
║ [Batch 0] hit ratio: 0.0058 accesses: 22500096 hits: 131304 misses: 22368792                       ║
║ [Batch 0] spad load: 0                                                                             ║
║ [Batch 1] hit ratio: 0.0081 accesses: 22500096 hits: 182328 misses: 22317768                       ║
║ [Batch 1] spad load: 0                                                                             ║
║ [Batch 2] hit ratio: 0.0052 accesses: 22500096 hits: 116016 misses: 22384080                       ║
║ [Batch 2] spad load: 0                                                                             ║
║ [Batch 3] hit ratio: 0.0098 accesses: 22500096 hits: 220584 misses: 22279512                       ║
║ [Batch 3] spad load: 0                                                                             ║
║ [Batch 4] hit ratio: 0.0069 accesses: 22500096 hits: 155760 misses: 22344336                       ║
║ [Batch 4] spad load: 0                                                                             ║
║ [Batch 5] hit ratio: 0.0086 accesses: 22500096 hits: 193992 misses: 22306104                       ║
║ [Batch 5] spad load: 0                                                                             ║
║ [Batch 6] hit ratio: 0.0047 accesses: 22500096 hits: 104736 misses: 22395360                       ║
║ [Batch 6] spad load: 0                                                                             ║
║ [Batch 7] hit ratio: 0.0028 accesses: 22500096 hits: 63000 misses: 22437096                        ║
║ [Batch 7] spad load: 0                                                                             ║
║ [Batch 8] hit ratio: 0.0090 accesses: 22500096 hits: 202536 misses: 22297560                       ║
║ [Batch 8] spad load: 0                                                                             ║
║ [Batch 9] hit ratio: 0.0031 accesses: 22500096 hits: 70512 misses: 22429584                        ║
║ [Batch 9] spad load: 2097152                                                                       ║
║ [Batch 10] hit ratio: 0.3128 accesses: 22500096 hits: 7037832 misses: 15462264                     ║
║ [Batch 10] spad load: 0                                                                            ║
║ [Batch 11] hit ratio: 0.3615 accesses: 22500096 hits: 8134848 misses: 14365248                     ║
║ [Batch 11] spad load: 0                                                                            ║
║ [Batch 12] hit ratio: 0.1925 accesses: 22500096 hits: 4332168 misses: 18167928                     ║
║ [Batch 12] spad load: 0                                                                            ║
║ [Batch 13] hit ratio: 0.2570 accesses: 22500096 hits: 5782008 misses: 16718088                     ║
║ [Batch 13] spad load: 0                                                                            ║
║ [Batch 14] hit ratio: 0.3476 accesses: 22500096 hits: 7820592 misses: 14679504                     ║
║ [Batch 14] spad load: 0                                                                            ║
║ [Batch 15] hit ratio: 0.2188 accesses: 22500096 hits: 4923168 misses: 17576928                     ║
║ [Batch 15] spad load: 0                                                                            ║
║ [Batch 16] hit ratio: 0.2921 accesses: 22500096 hits: 6571368 misses: 15928728                     ║
║ [Batch 16] spad load: 0                                                                            ║
║ [Batch 17] hit ratio: 0.2827 accesses: 22500096 hits: 6361272 misses: 16138824                     ║
║ [Batch 17] spad load: 0                                                                            ║
║ [Batch 18] hit ratio: 0.2369 accesses: 22500096 hits: 5330712 misses: 17169384                     ║
║ [Batch 18] spad load: 0                                                                            ║
║ [Batch 19] hit ratio: 0.3243 accesses: 22500096 hits: 7296528 misses: 15203568                     ║
║ [Batch 19] spad load: 2097152                                                                      ║
╚════════════════════════════════════════════════════════════════════════════════════════════════════╝
(Time elapsed(s) in do simulation: 199.705696sec)
