[DEBUG] script_dir: /home/choi/EONSim/src
[DEBUG] yaml_config_path: /home/choi/EONSim/configs/cache_SRRIP.yaml
[DEBUG] mnpusim_config_path: /home/choi/EONSim/configs/mNPUsim_related
[DEBUG] yaml_config_path: /home/choi/EONSim/configs/cache_SRRIP.yaml
[DEBUG] Vector Unit - Lanes: 128, Sublanes: 8, ALUs per sublanes: 4
[DEBUG] Matrix Unit - MXU dimension: 128, Number of MXUs: 4
[DEBUG] Memory - Type: cache, Size: 131072 KB, Policy: cache_SRRIP

╔════════════════════════════════════════════════════════════════════════════════════════════════════╗
║▒▒▒▒▒▒▒▒▒▒▒▒▒▒▒▒▒▒▒▒▒▒▒▒▒▒▒▒▒▒▒《 General Simulation Configuration 》▒▒▒▒▒▒▒▒▒▒▒▒▒▒▒▒▒▒▒▒▒▒▒▒▒▒▒▒▒▒▒║
╠════════════════════════════════════════════════════════════════════════════════════════════════════╣
║ Dataset: /home/choi/EONSim/datasets/vectordb/deep250m_small_100m.txt                               ║
║ Numeric format: 32 bits                                                                            ║
║ Num batches: 20                                                                                    ║
║ Num tables: 1                                                                                      ║
║ Batch Size (samples per batch): 1                                                                  ║
║ Vectors per table: 250000000                                                                       ║
║ Lookups per sample: 122070                                                                         ║
║ Embedding Dimension 96                                                                             ║
╚════════════════════════════════════════════════════════════════════════════════════════════════════╝
(Time elapsed(s) in model and data gen:  20.236124sec)
[DEBUG] lS_i shape: (20, 1, 122070)
[DEBUG] addr_trace shape: (20, 1, 366210)
Starting multiprocessing with 127 cores...
(Time elapsed(s) in address generation:   8.076345sec)
[DEBUG] self.offmem_trace shape: (20, 1, 366210)

╔════════════════════════════════════════════════════════════════════════════════════════════════════╗
║▒▒▒▒▒▒▒▒▒▒▒▒▒▒▒▒▒▒▒▒▒▒▒▒▒▒▒▒▒▒▒▒▒《 On-Chip Memory Configuration 》▒▒▒▒▒▒▒▒▒▒▒▒▒▒▒▒▒▒▒▒▒▒▒▒▒▒▒▒▒▒▒▒▒║
╠════════════════════════════════════════════════════════════════════════════════════════════════════╣
║ Memory size: 134217728 B (128 MB)                                                                  ║
║ Memory type: cache                                                                                 ║
║ Memory policy: cache_SRRIP                                                                         ║
║ Cache way: 16-way                                                                                  ║
║ Cache line size: 128 B                                                                             ║
║ Cache set: 65536 sets                                                                              ║
║ Cache tag bits: 25 bits                                                                            ║
╚════════════════════════════════════════════════════════════════════════════════════════════════════╝
on mem data structure size: 549.30 KB
(Time elapsed(s) in create memory structure:   0.046423sec)

╔════════════════════════════════════════════════════════════════════════════════════════════════════╗
║▒▒▒▒▒▒▒▒▒▒▒▒▒▒▒▒▒▒▒▒▒▒▒▒▒▒▒▒▒▒▒▒▒▒▒▒▒▒▒《 Simulation Start 》▒▒▒▒▒▒▒▒▒▒▒▒▒▒▒▒▒▒▒▒▒▒▒▒▒▒▒▒▒▒▒▒▒▒▒▒▒▒▒║
╚════════════════════════════════════════════════════════════════════════════════════════════════════╝
Processing batch 0...
Processing batch 1...
Processing batch 2...
Processing batch 3...
Processing batch 4...
Processing batch 5...
Processing batch 6...
Processing batch 7...
Processing batch 8...
Processing batch 9...
Processing batch 10...
Processing batch 11...
Processing batch 12...
Processing batch 13...
Processing batch 14...
Processing batch 15...
Processing batch 16...
Processing batch 17...
Processing batch 18...
Processing batch 19...
Simulation Done

╔════════════════════════════════════════════════════════════════════════════════════════════════════╗
║▒▒▒▒▒▒▒▒▒▒▒▒▒▒▒▒▒▒▒▒▒▒▒▒▒▒▒▒▒▒▒▒▒▒▒▒▒▒《 Simulation Results 》▒▒▒▒▒▒▒▒▒▒▒▒▒▒▒▒▒▒▒▒▒▒▒▒▒▒▒▒▒▒▒▒▒▒▒▒▒▒║
╠════════════════════════════════════════════════════════════════════════════════════════════════════╣
║ Total hit ratio: 0.6692                                                                            ║
║ Total accesses: 7324200                                                                            ║
║ Total hits: 4901163                                                                                ║
║ Total misses: 2423037                                                                              ║
║ ----------------------------------------                                                           ║
║ Per batch results                                                                                  ║
║ [Batch 0] hit ratio: 0.0000   accesses: 366210   hits: 0   misses: 366210                          ║
║ [Batch 1] hit ratio: 0.3693   accesses: 366210   hits: 135252   misses: 230958                     ║
║ [Batch 2] hit ratio: 0.8568   accesses: 366210   hits: 313779   misses: 52431                      ║
║ [Batch 3] hit ratio: 0.7745   accesses: 366210   hits: 283614   misses: 82596                      ║
║ [Batch 4] hit ratio: 0.4805   accesses: 366210   hits: 175980   misses: 190230                     ║
║ [Batch 5] hit ratio: 0.7430   accesses: 366210   hits: 272106   misses: 94104                      ║
║ [Batch 6] hit ratio: 0.7699   accesses: 366210   hits: 281946   misses: 84264                      ║
║ [Batch 7] hit ratio: 0.7975   accesses: 366210   hits: 292059   misses: 74151                      ║
║ [Batch 8] hit ratio: 1.0000   accesses: 366210   hits: 366210   misses: 0                          ║
║ [Batch 9] hit ratio: 0.6337   accesses: 366210   hits: 232059   misses: 134151                     ║
║ [Batch 10] hit ratio: 0.8284   accesses: 366210   hits: 303375   misses: 62835                     ║
║ [Batch 11] hit ratio: 0.2079   accesses: 366210   hits: 76125   misses: 290085                     ║
║ [Batch 12] hit ratio: 0.3300   accesses: 366210   hits: 120864   misses: 245346                    ║
║ [Batch 13] hit ratio: 0.7836   accesses: 366210   hits: 286947   misses: 79263                     ║
║ [Batch 14] hit ratio: 0.7028   accesses: 366210   hits: 257376   misses: 108834                    ║
║ [Batch 15] hit ratio: 0.5364   accesses: 366210   hits: 196437   misses: 169773                    ║
║ [Batch 16] hit ratio: 0.9880   accesses: 366210   hits: 361833   misses: 4377                      ║
║ [Batch 17] hit ratio: 0.8810   accesses: 366210   hits: 322617   misses: 43593                     ║
║ [Batch 18] hit ratio: 0.8753   accesses: 366210   hits: 320526   misses: 45684                     ║
║ [Batch 19] hit ratio: 0.8248   accesses: 366210   hits: 302058   misses: 64152                     ║
╚════════════════════════════════════════════════════════════════════════════════════════════════════╝
(Time elapsed(s) in do simulation:  29.051344sec)



 START OFF-CHIP MEMORY SIMULATION 

[DEBUG] Starting off-chip memory simulation...
[DEBUG] Created intermediate directory: /home/choi/EONSim/intermediate_677621
[DEBUG] Created eonsim_results directory name: eonsim_results_934246
[DEBUG] Removed existing dram_config directory
[DEBUG] Removed existing npumem_config directory
[DEBUG] Copied dram_config from /home/choi/EONSim/configs/mNPUsim_related/dram_config to /home/choi/simulators/mNPUsim/eonsim_config/dram_config
[DEBUG] Copied npumem_config from /home/choi/EONSim/configs/mNPUsim_related/npumem_config to /home/choi/simulators/mNPUsim/eonsim_config/npumem_config
[DEBUG] Generated trace file: /home/choi/EONSim/intermediate_677621/offmem_trace_flat.txt
[DEBUG] Total elements in offmem_trace: 366210
[DEBUG] -1 count in offmem_trace: 302058
[DEBUG] -1 ratio in offmem_trace: 0.8248
[DEBUG] DRAM config path: eonsim_config/dram_config/total_dram_config/single_hbm3_819gbs.cfg
[DEBUG] NPU memory config path: eonsim_config/npumem_config/npumem_architecture_list/single.txt
[DEBUG] DRAM config file verified: /home/choi/simulators/mNPUsim/eonsim_config/dram_config/total_dram_config/single_hbm3_819gbs.cfg
[DEBUG] NPU memory config file verified: /home/choi/simulators/mNPUsim/eonsim_config/npumem_config/npumem_architecture_list/single.txt
[DEBUG] Executing mnpusim...
[DEBUG] LD_LIBRARY_PATH: /home/choi/simulators/mNPUsim/DRAMsim3
[DEBUG] mnpusim execution completed. Output saved to /home/choi/EONSim/intermediate_677621/output.txt
[DEBUG] Copied result directory to /home/choi/EONSim/intermediate_677621/result
[RESULT] mNPUsim cycles: 16601

╔════════════════════════════════════════════════════════════════════════════════════════════════════╗
║▒▒▒▒▒▒▒▒▒▒▒▒▒▒▒▒▒▒▒▒▒▒▒▒▒▒▒▒▒▒《 Off-chip Memory Simulation Results 》▒▒▒▒▒▒▒▒▒▒▒▒▒▒▒▒▒▒▒▒▒▒▒▒▒▒▒▒▒▒║
╠════════════════════════════════════════════════════════════════════════════════════════════════════╣
║ Off-chip Memory Cycles: 318659                                                                     ║
║ Results Directory: /home/choi/EONSim/intermediate_677621                                           ║
╚════════════════════════════════════════════════════════════════════════════════════════════════════╝
[DEBUG] Cleaned up intermediate directory: /home/choi/EONSim/intermediate_677621
[DEBUG] Cleaned up eonsim_results directory: /home/choi/simulators/mNPUsim/eonsim_results_934246
(Time elapsed(s) in off-chip memory simulation:   1.194538sec)
[DEBUG] workload_type: vectordb



 START ENERGY ESTIMATION 

Setting parameters for energy estimation...
Setting workload configuration...
Setting energy table configuration...
 [DEBUG] action type and count for op 0: add 46874880.0
 [DEBUG] action type and count for op 1: mul 46874880.0
 [DEBUG] action type and count for op 0: add 46874880.0
 [DEBUG] action type and count for op 1: mul 46874880.0
 [DEBUG] action type and count for op 0: add 46874880.0
 [DEBUG] action type and count for op 1: mul 46874880.0
 [DEBUG] action type and count for op 0: add 46874880.0
 [DEBUG] action type and count for op 1: mul 46874880.0
 [DEBUG] action type and count for op 0: add 46874880.0
 [DEBUG] action type and count for op 1: mul 46874880.0
 [DEBUG] action type and count for op 0: add 46874880.0
 [DEBUG] action type and count for op 1: mul 46874880.0
 [DEBUG] action type and count for op 0: add 46874880.0
 [DEBUG] action type and count for op 1: mul 46874880.0
 [DEBUG] action type and count for op 0: add 46874880.0
 [DEBUG] action type and count for op 1: mul 46874880.0
 [DEBUG] action type and count for op 0: add 46874880.0
 [DEBUG] action type and count for op 1: mul 46874880.0
 [DEBUG] action type and count for op 0: add 46874880.0
 [DEBUG] action type and count for op 1: mul 46874880.0
 [DEBUG] action type and count for op 0: add 46874880.0
 [DEBUG] action type and count for op 1: mul 46874880.0
 [DEBUG] action type and count for op 0: add 46874880.0
 [DEBUG] action type and count for op 1: mul 46874880.0
 [DEBUG] action type and count for op 0: add 46874880.0
 [DEBUG] action type and count for op 1: mul 46874880.0
 [DEBUG] action type and count for op 0: add 46874880.0
 [DEBUG] action type and count for op 1: mul 46874880.0
 [DEBUG] action type and count for op 0: add 46874880.0
 [DEBUG] action type and count for op 1: mul 46874880.0
 [DEBUG] action type and count for op 0: add 46874880.0
 [DEBUG] action type and count for op 1: mul 46874880.0
 [DEBUG] action type and count for op 0: add 46874880.0
 [DEBUG] action type and count for op 1: mul 46874880.0
 [DEBUG] action type and count for op 0: add 46874880.0
 [DEBUG] action type and count for op 1: mul 46874880.0
 [DEBUG] action type and count for op 0: add 46874880.0
 [DEBUG] action type and count for op 1: mul 46874880.0
 [DEBUG] action type and count for op 0: add 46874880.0
 [DEBUG] action type and count for op 1: mul 46874880.0

╔════════════════════════════════════════════════════════════════════════════════════════════════════╗
║▒▒▒▒▒▒▒▒▒▒▒▒▒▒▒▒▒▒▒▒▒▒▒▒▒▒▒▒▒▒▒▒▒▒▒《 Energy Estimation Results 》▒▒▒▒▒▒▒▒▒▒▒▒▒▒▒▒▒▒▒▒▒▒▒▒▒▒▒▒▒▒▒▒▒▒▒║
╚════════════════════════════════════════════════════════════════════════════════════════════════════╝

╔════════════════════════════════════════════════════════════════════════════════════════════════════╗
║▒▒▒▒▒▒▒▒▒▒▒▒▒▒▒▒▒▒▒▒▒▒▒▒▒▒▒▒▒▒▒▒▒▒▒《 Energy Estimation Results 》▒▒▒▒▒▒▒▒▒▒▒▒▒▒▒▒▒▒▒▒▒▒▒▒▒▒▒▒▒▒▒▒▒▒▒║
╠════════════════════════════════════════════════════════════════════════════════════════════════════╣
║ Total Energy: 17172983726.160 pJ                                                                   ║
║ Off-chip Memory Energy: 13569007200.000 pJ (79.01%)                                                ║
║ On-chip Memory Energy: 2314917308.160 pJ (13.48%)                                                  ║
║ Operations Energy:                                                                                 ║
║   - Operation 0: 210936960.000 pJ (1.23%)                                                          ║
║   - Operation 1: 867185280.000 pJ (5.05%)                                                          ║
║   - Operation 2: 209289024.000 pJ (1.22%)                                                          ║
║   - Operation 3: 1647954.000 pJ (0.01%)                                                            ║
║                                                                                                    ║
║ Per-Batch Energy:                                                                                  ║
║   - Batch 0:                                                                                       ║
║     Total Energy: 2115228960.900 pJ                                                                ║
║     Off-chip Memory Energy: 2050776000.000 pJ                                                      ║
║     On-chip Memory Energy: 0.000 pJ                                                                ║
║     Operations Energy:                                                                             ║
║       - Operation 0: 10546848.000 pJ                                                               ║
║       - Operation 1: 43359264.000 pJ                                                               ║
║       - Operation 2: 10464451.200 pJ                                                               ║
║       - Operation 3: 82397.700 pJ                                                                  ║
║   - Batch 1:                                                                                       ║
║     Total Energy: 1421699985.540 pJ                                                                ║
║     Off-chip Memory Energy: 1293364800.000 pJ                                                      ║
║     On-chip Memory Energy: 63882224.640 pJ                                                         ║
║     Operations Energy:                                                                             ║
║       - Operation 0: 10546848.000 pJ                                                               ║
║       - Operation 1: 43359264.000 pJ                                                               ║
║       - Operation 2: 10464451.200 pJ                                                               ║
║       - Operation 3: 82397.700 pJ                                                                  ║
║   - Batch 2:                                                                                       ║
║     Total Energy: 506270658.180 pJ                                                                 ║
║     Off-chip Memory Energy: 293613600.000 pJ                                                       ║
║     On-chip Memory Energy: 148204097.280 pJ                                                        ║
║     Operations Energy:                                                                             ║
║       - Operation 0: 10546848.000 pJ                                                               ║
║       - Operation 1: 43359264.000 pJ                                                               ║
║       - Operation 2: 10464451.200 pJ                                                               ║
║       - Operation 3: 82397.700 pJ                                                                  ║
║   - Batch 3:                                                                                       ║
║     Total Energy: 660947125.380 pJ                                                                 ║
║     Off-chip Memory Energy: 462537600.000 pJ                                                       ║
║     On-chip Memory Energy: 133956564.480 pJ                                                        ║
║     Operations Energy:                                                                             ║
║       - Operation 0: 10546848.000 pJ                                                               ║
║       - Operation 1: 43359264.000 pJ                                                               ║
║       - Operation 2: 10464451.200 pJ                                                               ║
║       - Operation 3: 82397.700 pJ                                                                  ║
║   - Batch 4:                                                                                       ║
║     Total Energy: 1212859834.500 pJ                                                                ║
║     Off-chip Memory Energy: 1065288000.000 pJ                                                      ║
║     On-chip Memory Energy: 83118873.600 pJ                                                         ║
║     Operations Energy:                                                                             ║
║       - Operation 0: 10546848.000 pJ                                                               ║
║       - Operation 1: 43359264.000 pJ                                                               ║
║       - Operation 2: 10464451.200 pJ                                                               ║
║       - Operation 3: 82397.700 pJ                                                                  ║
║   - Batch 5:                                                                                       ║
║     Total Energy: 719956466.820 pJ                                                                 ║
║     Off-chip Memory Energy: 526982400.000 pJ                                                       ║
║     On-chip Memory Energy: 128521105.920 pJ                                                        ║
║     Operations Energy:                                                                             ║
║       - Operation 0: 10546848.000 pJ                                                               ║
║       - Operation 1: 43359264.000 pJ                                                               ║
║       - Operation 2: 10464451.200 pJ                                                               ║
║       - Operation 3: 82397.700 pJ                                                                  ║
║   - Batch 6:                                                                                       ║
║     Total Energy: 669500095.620 pJ                                                                 ║
║     Off-chip Memory Energy: 471878400.000 pJ                                                       ║
║     On-chip Memory Energy: 133168734.720 pJ                                                        ║
║     Operations Energy:                                                                             ║
║       - Operation 0: 10546848.000 pJ                                                               ║
║       - Operation 1: 43359264.000 pJ                                                               ║
║       - Operation 2: 10464451.200 pJ                                                               ║
║       - Operation 3: 82397.700 pJ                                                                  ║
║   - Batch 7:                                                                                       ║
║     Total Energy: 617643867.780 pJ                                                                 ║
║     Off-chip Memory Energy: 415245600.000 pJ                                                       ║
║     On-chip Memory Energy: 137945306.880 pJ                                                        ║
║     Operations Energy:                                                                             ║
║       - Operation 0: 10546848.000 pJ                                                               ║
║       - Operation 1: 43359264.000 pJ                                                               ║
║       - Operation 2: 10464451.200 pJ                                                               ║
║       - Operation 3: 82397.700 pJ                                                                  ║
║   - Batch 8:                                                                                       ║
║     Total Energy: 237421268.100 pJ                                                                 ║
║     Off-chip Memory Energy: 0.000 pJ                                                               ║
║     On-chip Memory Energy: 172968307.200 pJ                                                        ║
║     Operations Energy:                                                                             ║
║       - Operation 0: 10546848.000 pJ                                                               ║
║       - Operation 1: 43359264.000 pJ                                                               ║
║       - Operation 2: 10464451.200 pJ                                                               ║
║       - Operation 3: 82397.700 pJ                                                                  ║
║   - Batch 9:                                                                                       ║
║     Total Energy: 925304667.780 pJ                                                                 ║
║     Off-chip Memory Energy: 751245600.000 pJ                                                       ║
║     On-chip Memory Energy: 109606106.880 pJ                                                        ║
║     Operations Energy:                                                                             ║
║       - Operation 0: 10546848.000 pJ                                                               ║
║       - Operation 1: 43359264.000 pJ                                                               ║
║       - Operation 2: 10464451.200 pJ                                                               ║
║       - Operation 3: 82397.700 pJ                                                                  ║
║   - Batch 10:                                                                                      ║
║     Total Energy: 559619040.900 pJ                                                                 ║
║     Off-chip Memory Energy: 351876000.000 pJ                                                       ║
║     On-chip Memory Energy: 143290080.000 pJ                                                        ║
║     Operations Energy:                                                                             ║
║       - Operation 0: 10546848.000 pJ                                                               ║
║       - Operation 1: 43359264.000 pJ                                                               ║
║       - Operation 2: 10464451.200 pJ                                                               ║
║       - Operation 3: 82397.700 pJ                                                                  ║
║   - Batch 11:                                                                                      ║
║     Total Energy: 1724884320.900 pJ                                                                ║
║     Off-chip Memory Energy: 1624476000.000 pJ                                                      ║
║     On-chip Memory Energy: 35955360.000 pJ                                                         ║
║     Operations Energy:                                                                             ║
║       - Operation 0: 10546848.000 pJ                                                               ║
║       - Operation 1: 43359264.000 pJ                                                               ║
║       - Operation 2: 10464451.200 pJ                                                               ║
║       - Operation 3: 82397.700 pJ                                                                  ║
║   - Batch 12:                                                                                      ║
║     Total Energy: 1495477045.380 pJ                                                                ║
║     Off-chip Memory Energy: 1373937600.000 pJ                                                      ║
║     On-chip Memory Energy: 57086484.480 pJ                                                         ║
║     Operations Energy:                                                                             ║
║       - Operation 0: 10546848.000 pJ                                                               ║
║       - Operation 1: 43359264.000 pJ                                                               ║
║       - Operation 2: 10464451.200 pJ                                                               ║
║       - Operation 3: 82397.700 pJ                                                                  ║
║   - Batch 13:                                                                                      ║
║     Total Energy: 643856567.940 pJ                                                                 ║
║     Off-chip Memory Energy: 443872800.000 pJ                                                       ║
║     On-chip Memory Energy: 135530807.040 pJ                                                        ║
║     Operations Energy:                                                                             ║
║       - Operation 0: 10546848.000 pJ                                                               ║
║       - Operation 1: 43359264.000 pJ                                                               ║
║       - Operation 2: 10464451.200 pJ                                                               ║
║       - Operation 3: 82397.700 pJ                                                                  ║
║   - Batch 14:                                                                                      ║
║     Total Energy: 795487193.220 pJ                                                                 ║
║     Off-chip Memory Energy: 609470400.000 pJ                                                       ║
║     On-chip Memory Energy: 121563832.320 pJ                                                        ║
║     Operations Energy:                                                                             ║
║       - Operation 0: 10546848.000 pJ                                                               ║
║       - Operation 1: 43359264.000 pJ                                                               ║
║       - Operation 2: 10464451.200 pJ                                                               ║
║       - Operation 3: 82397.700 pJ                                                                  ║
║   - Batch 15:                                                                                      ║
║     Total Energy: 1107962884.740 pJ                                                                ║
║     Off-chip Memory Energy: 950728800.000 pJ                                                       ║
║     On-chip Memory Energy: 92781123.840 pJ                                                         ║
║     Operations Energy:                                                                             ║
║       - Operation 0: 10546848.000 pJ                                                               ║
║       - Operation 1: 43359264.000 pJ                                                               ║
║       - Operation 2: 10464451.200 pJ                                                               ║
║       - Operation 3: 82397.700 pJ                                                                  ║
║   - Batch 16:                                                                                      ║
║     Total Energy: 259865123.460 pJ                                                                 ║
║     Off-chip Memory Energy: 24511200.000 pJ                                                        ║
║     On-chip Memory Energy: 170900962.560 pJ                                                        ║
║     Operations Energy:                                                                             ║
║       - Operation 0: 10546848.000 pJ                                                               ║
║       - Operation 1: 43359264.000 pJ                                                               ║
║       - Operation 2: 10464451.200 pJ                                                               ║
║       - Operation 3: 82397.700 pJ                                                                  ║
║   - Batch 17:                                                                                      ║
║     Total Energy: 460952222.340 pJ                                                                 ║
║     Off-chip Memory Energy: 244120800.000 pJ                                                       ║
║     On-chip Memory Energy: 152378461.440 pJ                                                        ║
║     Operations Energy:                                                                             ║
║       - Operation 0: 10546848.000 pJ                                                               ║
║       - Operation 1: 43359264.000 pJ                                                               ║
║       - Operation 2: 10464451.200 pJ                                                               ║
║       - Operation 3: 82397.700 pJ                                                                  ║
║   - Batch 18:                                                                                      ║
║     Total Energy: 471674201.220 pJ                                                                 ║
║     Off-chip Memory Energy: 255830400.000 pJ                                                       ║
║     On-chip Memory Energy: 151390840.320 pJ                                                        ║
║     Operations Energy:                                                                             ║
║       - Operation 0: 10546848.000 pJ                                                               ║
║       - Operation 1: 43359264.000 pJ                                                               ║
║       - Operation 2: 10464451.200 pJ                                                               ║
║       - Operation 3: 82397.700 pJ                                                                  ║
║   - Batch 19:                                                                                      ║
║     Total Energy: 566372195.460 pJ                                                                 ║
║     Off-chip Memory Energy: 359251200.000 pJ                                                       ║
║     On-chip Memory Energy: 142668034.560 pJ                                                        ║
║     Operations Energy:                                                                             ║
║       - Operation 0: 10546848.000 pJ                                                               ║
║       - Operation 1: 43359264.000 pJ                                                               ║
║       - Operation 2: 10464451.200 pJ                                                               ║
║       - Operation 3: 82397.700 pJ                                                                  ║
╚════════════════════════════════════════════════════════════════════════════════════════════════════╝
(Time elapsed(s) in energy estimation:   0.004235sec)
