[DEBUG] script_dir: /home/choi/EONSim/src
[DEBUG] yaml_config_path: /home/choi/EONSim/configs/profile_dcount.yaml
[DEBUG] mnpusim_config_path: /home/choi/EONSim/configs/mNPUsim_related
[DEBUG] yaml_config_path: /home/choi/EONSim/configs/profile_dcount.yaml
[DEBUG] Vector Unit - Lanes: 128, Sublanes: 8, ALUs per sublanes: 4
[DEBUG] Matrix Unit - MXU dimension: 128, Number of MXUs: 4
[DEBUG] Memory - Type: profile, Size: 131072 KB, Policy: profile_dynamic_count

╔════════════════════════════════════════════════════════════════════════════════════════════════════╗
║▒▒▒▒▒▒▒▒▒▒▒▒▒▒▒▒▒▒▒▒▒▒▒▒▒▒▒▒▒▒▒《 General Simulation Configuration 》▒▒▒▒▒▒▒▒▒▒▒▒▒▒▒▒▒▒▒▒▒▒▒▒▒▒▒▒▒▒▒║
╠════════════════════════════════════════════════════════════════════════════════════════════════════╣
║ Dataset: /home/choi/EONSim/datasets/vectordb/deep250m_small_100m.txt                               ║
║ Numeric format: 32 bits                                                                            ║
║ Num batches: 20                                                                                    ║
║ Num tables: 1                                                                                      ║
║ Batch Size (samples per batch): 1                                                                  ║
║ Vectors per table: 250000000                                                                       ║
║ Lookups per sample: 122070                                                                         ║
║ Embedding Dimension 96                                                                             ║
╚════════════════════════════════════════════════════════════════════════════════════════════════════╝
(Time elapsed(s) in model and data gen:  20.166339sec)
[DEBUG] lS_i shape: (20, 1, 122070)
[DEBUG] addr_trace shape: (20, 1, 366210)
Starting multiprocessing with 127 cores...
(Time elapsed(s) in address generation:   8.140564sec)
[DEBUG] profiled_path: /home/choi/EONSim/datasets/profiled_datasets/deep250m_small_100m.txt
[DEBUG] self.offmem_trace shape: (20, 1, 366210)
[DEBUG] cache_way: 128 cache_line_size: 128 cache_set: 8192

╔════════════════════════════════════════════════════════════════════════════════════════════════════╗
║▒▒▒▒▒▒▒▒▒▒▒▒▒▒▒▒▒▒▒▒▒▒▒▒▒▒▒▒▒▒▒▒▒《 On-Chip Memory Configuration 》▒▒▒▒▒▒▒▒▒▒▒▒▒▒▒▒▒▒▒▒▒▒▒▒▒▒▒▒▒▒▒▒▒║
╠════════════════════════════════════════════════════════════════════════════════════════════════════╣
║ Memory size: 134217728 B (128 MB)                                                                  ║
║ Memory type: profile                                                                               ║
║ Memory policy: profile_dynamic_count                                                               ║
╚════════════════════════════════════════════════════════════════════════════════════════════════════╝
[DEBUG] counter array is empty. Set the spad with the naive method.
on mem data structure size: 8192.11 KB
(Time elapsed(s) in create memory structure:   4.606838sec)

╔════════════════════════════════════════════════════════════════════════════════════════════════════╗
║▒▒▒▒▒▒▒▒▒▒▒▒▒▒▒▒▒▒▒▒▒▒▒▒▒▒▒▒▒▒▒▒▒▒▒▒▒▒▒《 Simulation Start 》▒▒▒▒▒▒▒▒▒▒▒▒▒▒▒▒▒▒▒▒▒▒▒▒▒▒▒▒▒▒▒▒▒▒▒▒▒▒▒║
╚════════════════════════════════════════════════════════════════════════════════════════════════════╝
[DEBUG] dynamic_counter_threshold: 73242000
Simulation for batch 0...
Simulation for batch 1...
Simulation for batch 2...
Simulation for batch 3...
Simulation for batch 4...
Simulation for batch 5...
Simulation for batch 6...
Simulation for batch 7...
Simulation for batch 8...
Simulation for batch 9...
[DEBUG] shape of addresses during dcount set_spad: (349525, 3)
[DEBUG] shape of on_mem_set during dcount set_spad: (1048575,)
Simulation for batch 10...
Simulation for batch 11...
Simulation for batch 12...
Simulation for batch 13...
Simulation for batch 14...
Simulation for batch 15...
Simulation for batch 16...
Simulation for batch 17...
Simulation for batch 18...
Simulation for batch 19...
[DEBUG] shape of addresses during dcount set_spad: (349525, 3)
[DEBUG] shape of on_mem_set during dcount set_spad: (1048575,)
Simulation Done

╔════════════════════════════════════════════════════════════════════════════════════════════════════╗
║▒▒▒▒▒▒▒▒▒▒▒▒▒▒▒▒▒▒▒▒▒▒▒▒▒▒▒▒▒▒▒▒▒▒▒▒▒▒《 Simulation Results 》▒▒▒▒▒▒▒▒▒▒▒▒▒▒▒▒▒▒▒▒▒▒▒▒▒▒▒▒▒▒▒▒▒▒▒▒▒▒║
╠════════════════════════════════════════════════════════════════════════════════════════════════════╣
║ Total hit ratio: 0.5398                                                                            ║
║ Total accesses: 7324200                                                                            ║
║ Total hits: 3953625                                                                                ║
║ Total misses: 3370575                                                                              ║
║                                                                                                    ║
║ Per batch results:                                                                                 ║
║ [Batch 0] hit ratio: 0.3369 accesses: 366210 hits: 123385 misses: 242825                           ║
║ [Batch 0] spad load: 0                                                                             ║
║ [Batch 1] hit ratio: 0.3299 accesses: 366210 hits: 120819 misses: 245391                           ║
║ [Batch 1] spad load: 0                                                                             ║
║ [Batch 2] hit ratio: 0.3240 accesses: 366210 hits: 118665 misses: 247545                           ║
║ [Batch 2] spad load: 0                                                                             ║
║ [Batch 3] hit ratio: 0.3598 accesses: 366210 hits: 131767 misses: 234443                           ║
║ [Batch 3] spad load: 0                                                                             ║
║ [Batch 4] hit ratio: 0.3437 accesses: 366210 hits: 125877 misses: 240333                           ║
║ [Batch 4] spad load: 0                                                                             ║
║ [Batch 5] hit ratio: 0.2807 accesses: 366210 hits: 102807 misses: 263403                           ║
║ [Batch 5] spad load: 0                                                                             ║
║ [Batch 6] hit ratio: 0.3254 accesses: 366210 hits: 119157 misses: 247053                           ║
║ [Batch 6] spad load: 0                                                                             ║
║ [Batch 7] hit ratio: 0.2952 accesses: 366210 hits: 108123 misses: 258087                           ║
║ [Batch 7] spad load: 0                                                                             ║
║ [Batch 8] hit ratio: 0.2897 accesses: 366210 hits: 106080 misses: 260130                           ║
║ [Batch 8] spad load: 0                                                                             ║
║ [Batch 9] hit ratio: 0.3427 accesses: 366210 hits: 125491 misses: 240719                           ║
║ [Batch 9] spad load: 1048576                                                                       ║
║ [Batch 10] hit ratio: 0.7926 accesses: 366210 hits: 290259 misses: 75951                           ║
║ [Batch 10] spad load: 0                                                                            ║
║ [Batch 11] hit ratio: 0.5068 accesses: 366210 hits: 185607 misses: 180603                          ║
║ [Batch 11] spad load: 0                                                                            ║
║ [Batch 12] hit ratio: 0.4565 accesses: 366210 hits: 167157 misses: 199053                          ║
║ [Batch 12] spad load: 0                                                                            ║
║ [Batch 13] hit ratio: 0.8252 accesses: 366210 hits: 302199 misses: 64011                           ║
║ [Batch 13] spad load: 0                                                                            ║
║ [Batch 14] hit ratio: 0.6672 accesses: 366210 hits: 244344 misses: 121866                          ║
║ [Batch 14] spad load: 0                                                                            ║
║ [Batch 15] hit ratio: 0.6523 accesses: 366210 hits: 238890 misses: 127320                          ║
║ [Batch 15] spad load: 0                                                                            ║
║ [Batch 16] hit ratio: 0.9272 accesses: 366210 hits: 339558 misses: 26652                           ║
║ [Batch 16] spad load: 0                                                                            ║
║ [Batch 17] hit ratio: 0.9534 accesses: 366210 hits: 349155 misses: 17055                           ║
║ [Batch 17] spad load: 0                                                                            ║
║ [Batch 18] hit ratio: 0.9611 accesses: 366210 hits: 351978 misses: 14232                           ║
║ [Batch 18] spad load: 0                                                                            ║
║ [Batch 19] hit ratio: 0.8255 accesses: 366210 hits: 302307 misses: 63903                           ║
║ [Batch 19] spad load: 1048576                                                                      ║
╚════════════════════════════════════════════════════════════════════════════════════════════════════╝
(Time elapsed(s) in do simulation:  11.050038sec)



 START OFF-CHIP MEMORY SIMULATION 

[DEBUG] Starting off-chip memory simulation...
[DEBUG] Created intermediate directory: /home/choi/EONSim/intermediate_67119
[DEBUG] Created eonsim_results directory name: eonsim_results_644320
[DEBUG] Removed existing dram_config directory
[DEBUG] Removed existing npumem_config directory
[DEBUG] Copied dram_config from /home/choi/EONSim/configs/mNPUsim_related/dram_config to /home/choi/simulators/mNPUsim/eonsim_config/dram_config
[DEBUG] Copied npumem_config from /home/choi/EONSim/configs/mNPUsim_related/npumem_config to /home/choi/simulators/mNPUsim/eonsim_config/npumem_config
[DEBUG] Generated trace file: /home/choi/EONSim/intermediate_67119/offmem_trace_flat.txt
[DEBUG] Total elements in offmem_trace: 366210
[DEBUG] -1 count in offmem_trace: 302307
[DEBUG] -1 ratio in offmem_trace: 0.8255
[DEBUG] DRAM config path: eonsim_config/dram_config/total_dram_config/single_hbm3_819gbs.cfg
[DEBUG] NPU memory config path: eonsim_config/npumem_config/npumem_architecture_list/single.txt
[DEBUG] DRAM config file verified: /home/choi/simulators/mNPUsim/eonsim_config/dram_config/total_dram_config/single_hbm3_819gbs.cfg
[DEBUG] NPU memory config file verified: /home/choi/simulators/mNPUsim/eonsim_config/npumem_config/npumem_architecture_list/single.txt
[DEBUG] Executing mnpusim...
[DEBUG] LD_LIBRARY_PATH: /home/choi/simulators/mNPUsim/DRAMsim3
[DEBUG] mnpusim execution completed. Output saved to /home/choi/EONSim/intermediate_67119/output.txt
[DEBUG] Copied result directory to /home/choi/EONSim/intermediate_67119/result
[RESULT] mNPUsim cycles: 16237

╔════════════════════════════════════════════════════════════════════════════════════════════════════╗
║▒▒▒▒▒▒▒▒▒▒▒▒▒▒▒▒▒▒▒▒▒▒▒▒▒▒▒▒▒▒《 Off-chip Memory Simulation Results 》▒▒▒▒▒▒▒▒▒▒▒▒▒▒▒▒▒▒▒▒▒▒▒▒▒▒▒▒▒▒║
╠════════════════════════════════════════════════════════════════════════════════════════════════════╣
║ Off-chip Memory Cycles: 16237                                                                      ║
║ Results Directory: /home/choi/EONSim/intermediate_67119                                            ║
╚════════════════════════════════════════════════════════════════════════════════════════════════════╝
[DEBUG] Cleaned up intermediate directory: /home/choi/EONSim/intermediate_67119
[DEBUG] Cleaned up eonsim_results directory: /home/choi/simulators/mNPUsim/eonsim_results_644320
(Time elapsed(s) in off-chip memory simulation:   1.188881sec)
[DEBUG] workload_type: vectordb



 START ENERGY ESTIMATION 

Setting parameters for energy estimation...
Setting workload configuration...
Setting energy table configuration...
 [DEBUG] action type and count for op 0: add 46874880.0
 [DEBUG] action type and count for op 1: mul 46874880.0
 [DEBUG] action type and count for op 0: add 46874880.0
 [DEBUG] action type and count for op 1: mul 46874880.0
 [DEBUG] action type and count for op 0: add 46874880.0
 [DEBUG] action type and count for op 1: mul 46874880.0
 [DEBUG] action type and count for op 0: add 46874880.0
 [DEBUG] action type and count for op 1: mul 46874880.0
 [DEBUG] action type and count for op 0: add 46874880.0
 [DEBUG] action type and count for op 1: mul 46874880.0
 [DEBUG] action type and count for op 0: add 46874880.0
 [DEBUG] action type and count for op 1: mul 46874880.0
 [DEBUG] action type and count for op 0: add 46874880.0
 [DEBUG] action type and count for op 1: mul 46874880.0
 [DEBUG] action type and count for op 0: add 46874880.0
 [DEBUG] action type and count for op 1: mul 46874880.0
 [DEBUG] action type and count for op 0: add 46874880.0
 [DEBUG] action type and count for op 1: mul 46874880.0
 [DEBUG] action type and count for op 0: add 46874880.0
 [DEBUG] action type and count for op 1: mul 46874880.0
 [DEBUG] action type and count for op 0: add 46874880.0
 [DEBUG] action type and count for op 1: mul 46874880.0
 [DEBUG] action type and count for op 0: add 46874880.0
 [DEBUG] action type and count for op 1: mul 46874880.0
 [DEBUG] action type and count for op 0: add 46874880.0
 [DEBUG] action type and count for op 1: mul 46874880.0
 [DEBUG] action type and count for op 0: add 46874880.0
 [DEBUG] action type and count for op 1: mul 46874880.0
 [DEBUG] action type and count for op 0: add 46874880.0
 [DEBUG] action type and count for op 1: mul 46874880.0
 [DEBUG] action type and count for op 0: add 46874880.0
 [DEBUG] action type and count for op 1: mul 46874880.0
 [DEBUG] action type and count for op 0: add 46874880.0
 [DEBUG] action type and count for op 1: mul 46874880.0
 [DEBUG] action type and count for op 0: add 46874880.0
 [DEBUG] action type and count for op 1: mul 46874880.0
 [DEBUG] action type and count for op 0: add 46874880.0
 [DEBUG] action type and count for op 1: mul 46874880.0
 [DEBUG] action type and count for op 0: add 46874880.0
 [DEBUG] action type and count for op 1: mul 46874880.0

╔════════════════════════════════════════════════════════════════════════════════════════════════════╗
║▒▒▒▒▒▒▒▒▒▒▒▒▒▒▒▒▒▒▒▒▒▒▒▒▒▒▒▒▒▒▒▒▒▒▒《 Energy Estimation Results 》▒▒▒▒▒▒▒▒▒▒▒▒▒▒▒▒▒▒▒▒▒▒▒▒▒▒▒▒▒▒▒▒▒▒▒║
╚════════════════════════════════════════════════════════════════════════════════════════════════════╝

╔════════════════════════════════════════════════════════════════════════════════════════════════════╗
║▒▒▒▒▒▒▒▒▒▒▒▒▒▒▒▒▒▒▒▒▒▒▒▒▒▒▒▒▒▒▒▒▒▒▒《 Energy Estimation Results 》▒▒▒▒▒▒▒▒▒▒▒▒▒▒▒▒▒▒▒▒▒▒▒▒▒▒▒▒▒▒▒▒▒▒▒║
╠════════════════════════════════════════════════════════════════════════════════════════════════════╣
║ Total Energy: 22031655378.000 pJ                                                                   ║
║ Off-chip Memory Energy: 18875220000.000 pJ (85.67%)                                                ║
║ On-chip Memory Energy: 1867376160.000 pJ (8.48%)                                                   ║
║ Operations Energy:                                                                                 ║
║   - Operation 0: 210936960.000 pJ (0.96%)                                                          ║
║   - Operation 1: 867185280.000 pJ (3.94%)                                                          ║
║   - Operation 2: 209289024.000 pJ (0.95%)                                                          ║
║   - Operation 3: 1647954.000 pJ (0.01%)                                                            ║
║                                                                                                    ║
║ Per-Batch Energy:                                                                                  ║
║   - Batch 0:                                                                                       ║
║     Total Energy: 1482550164.100 pJ                                                                ║
║     Off-chip Memory Energy: 1359820000.000 pJ                                                      ║
║     On-chip Memory Energy: 58277203.200 pJ                                                         ║
║     Operations Energy:                                                                             ║
║       - Operation 0: 10546848.000 pJ                                                               ║
║       - Operation 1: 43359264.000 pJ                                                               ║
║       - Operation 2: 10464451.200 pJ                                                               ║
║       - Operation 3: 82397.700 pJ                                                                  ║
║   - Batch 1:                                                                                       ║
║     Total Energy: 1495707790.980 pJ                                                                ║
║     Off-chip Memory Energy: 1374189600.000 pJ                                                      ║
║     On-chip Memory Energy: 57065230.080 pJ                                                         ║
║     Operations Energy:                                                                             ║
║       - Operation 0: 10546848.000 pJ                                                               ║
║       - Operation 1: 43359264.000 pJ                                                               ║
║       - Operation 2: 10464451.200 pJ                                                               ║
║       - Operation 3: 82397.700 pJ                                                                  ║
║   - Batch 2:                                                                                       ║
║     Total Energy: 1506752813.700 pJ                                                                ║
║     Off-chip Memory Energy: 1386252000.000 pJ                                                      ║
║     On-chip Memory Energy: 56047852.800 pJ                                                         ║
║     Operations Energy:                                                                             ║
║       - Operation 0: 10546848.000 pJ                                                               ║
║       - Operation 1: 43359264.000 pJ                                                               ║
║       - Operation 2: 10464451.200 pJ                                                               ║
║       - Operation 3: 82397.700 pJ                                                                  ║
║   - Batch 3:                                                                                       ║
║     Total Energy: 1439569950.340 pJ                                                                ║
║     Off-chip Memory Energy: 1312880800.000 pJ                                                      ║
║     On-chip Memory Energy: 62236189.440 pJ                                                         ║
║     Operations Energy:                                                                             ║
║       - Operation 0: 10546848.000 pJ                                                               ║
║       - Operation 1: 43359264.000 pJ                                                               ║
║       - Operation 2: 10464451.200 pJ                                                               ║
║       - Operation 3: 82397.700 pJ                                                                  ║
║   - Batch 4:                                                                                       ║
║     Total Energy: 1469771985.540 pJ                                                                ║
║     Off-chip Memory Energy: 1345864800.000 pJ                                                      ║
║     On-chip Memory Energy: 59454224.640 pJ                                                         ║
║     Operations Energy:                                                                             ║
║       - Operation 0: 10546848.000 pJ                                                               ║
║       - Operation 1: 43359264.000 pJ                                                               ║
║       - Operation 2: 10464451.200 pJ                                                               ║
║       - Operation 3: 82397.700 pJ                                                                  ║
║   - Batch 5:                                                                                       ║
║     Total Energy: 1588067563.140 pJ                                                                ║
║     Off-chip Memory Energy: 1475056800.000 pJ                                                      ║
║     On-chip Memory Energy: 48557802.240 pJ                                                         ║
║     Operations Energy:                                                                             ║
║       - Operation 0: 10546848.000 pJ                                                               ║
║       - Operation 1: 43359264.000 pJ                                                               ║
║       - Operation 2: 10464451.200 pJ                                                               ║
║       - Operation 3: 82397.700 pJ                                                                  ║
║   - Batch 6:                                                                                       ║
║     Total Energy: 1504229995.140 pJ                                                                ║
║     Off-chip Memory Energy: 1383496800.000 pJ                                                      ║
║     On-chip Memory Energy: 56280234.240 pJ                                                         ║
║     Operations Energy:                                                                             ║
║       - Operation 0: 10546848.000 pJ                                                               ║
║       - Operation 1: 43359264.000 pJ                                                               ║
║       - Operation 2: 10464451.200 pJ                                                               ║
║       - Operation 3: 82397.700 pJ                                                                  ║
║   - Batch 7:                                                                                       ║
║     Total Energy: 1560808816.260 pJ                                                                ║
║     Off-chip Memory Energy: 1445287200.000 pJ                                                      ║
║     On-chip Memory Energy: 51068655.360 pJ                                                         ║
║     Operations Energy:                                                                             ║
║       - Operation 0: 10546848.000 pJ                                                               ║
║       - Operation 1: 43359264.000 pJ                                                               ║
║       - Operation 2: 10464451.200 pJ                                                               ║
║       - Operation 3: 82397.700 pJ                                                                  ║
║   - Batch 8:                                                                                       ║
║     Total Energy: 1571284666.500 pJ                                                                ║
║     Off-chip Memory Energy: 1456728000.000 pJ                                                      ║
║     On-chip Memory Energy: 50103705.600 pJ                                                         ║
║     Operations Energy:                                                                             ║
║       - Operation 0: 10546848.000 pJ                                                               ║
║       - Operation 1: 43359264.000 pJ                                                               ║
║       - Operation 2: 10464451.200 pJ                                                               ║
║       - Operation 3: 82397.700 pJ                                                                  ║
║   - Batch 9:                                                                                       ║
║     Total Energy: 1471751270.020 pJ                                                                ║
║     Off-chip Memory Energy: 1348026400.000 pJ                                                      ║
║     On-chip Memory Energy: 59271909.120 pJ                                                         ║
║     Operations Energy:                                                                             ║
║       - Operation 0: 10546848.000 pJ                                                               ║
║       - Operation 1: 43359264.000 pJ                                                               ║
║       - Operation 2: 10464451.200 pJ                                                               ║
║       - Operation 3: 82397.700 pJ                                                                  ║
║   - Batch 10:                                                                                      ║
║     Total Energy: 626873691.780 pJ                                                                 ║
║     Off-chip Memory Energy: 425325600.000 pJ                                                       ║
║     On-chip Memory Energy: 137095130.880 pJ                                                        ║
║     Operations Energy:                                                                             ║
║       - Operation 0: 10546848.000 pJ                                                               ║
║       - Operation 1: 43359264.000 pJ                                                               ║
║       - Operation 2: 10464451.200 pJ                                                               ║
║       - Operation 3: 82397.700 pJ                                                                  ║
║   - Batch 11:                                                                                      ║
║     Total Energy: 1163495659.140 pJ                                                                ║
║     Off-chip Memory Energy: 1011376800.000 pJ                                                      ║
║     On-chip Memory Energy: 87665898.240 pJ                                                         ║
║     Operations Energy:                                                                             ║
║       - Operation 0: 10546848.000 pJ                                                               ║
║       - Operation 1: 43359264.000 pJ                                                               ║
║       - Operation 2: 10464451.200 pJ                                                               ║
║       - Operation 3: 82397.700 pJ                                                                  ║
║   - Batch 12:                                                                                      ║
║     Total Energy: 1258101355.140 pJ                                                                ║
║     Off-chip Memory Energy: 1114696800.000 pJ                                                      ║
║     On-chip Memory Energy: 78951594.240 pJ                                                         ║
║     Operations Energy:                                                                             ║
║       - Operation 0: 10546848.000 pJ                                                               ║
║       - Operation 1: 43359264.000 pJ                                                               ║
║       - Operation 2: 10464451.200 pJ                                                               ║
║       - Operation 3: 82397.700 pJ                                                                  ║
║   - Batch 13:                                                                                      ║
║     Total Energy: 565649192.580 pJ                                                                 ║
║     Off-chip Memory Energy: 358461600.000 pJ                                                       ║
║     On-chip Memory Energy: 142734631.680 pJ                                                        ║
║     Operations Energy:                                                                             ║
║       - Operation 0: 10546848.000 pJ                                                               ║
║       - Operation 1: 43359264.000 pJ                                                               ║
║       - Operation 2: 10464451.200 pJ                                                               ║
║       - Operation 3: 82397.700 pJ                                                                  ║
║   - Batch 14:                                                                                      ║
║     Total Energy: 862311118.980 pJ                                                                 ║
║     Off-chip Memory Energy: 682449600.000 pJ                                                       ║
║     On-chip Memory Energy: 115408558.080 pJ                                                        ║
║     Operations Energy:                                                                             ║
║       - Operation 0: 10546848.000 pJ                                                               ║
║       - Operation 1: 43359264.000 pJ                                                               ║
║       - Operation 2: 10464451.200 pJ                                                               ║
║       - Operation 3: 82397.700 pJ                                                                  ║
║   - Batch 15:                                                                                      ║
║     Total Energy: 890277485.700 pJ                                                                 ║
║     Off-chip Memory Energy: 712992000.000 pJ                                                       ║
║     On-chip Memory Energy: 112832524.800 pJ                                                        ║
║     Operations Energy:                                                                             ║
║       - Operation 0: 10546848.000 pJ                                                               ║
║       - Operation 1: 43359264.000 pJ                                                               ║
║       - Operation 2: 10464451.200 pJ                                                               ║
║       - Operation 3: 82397.700 pJ                                                                  ║
║   - Batch 16:                                                                                      ║
║     Total Energy: 374084195.460 pJ                                                                 ║
║     Off-chip Memory Energy: 149251200.000 pJ                                                       ║
║     On-chip Memory Energy: 160380034.560 pJ                                                        ║
║     Operations Energy:                                                                             ║
║       - Operation 0: 10546848.000 pJ                                                               ║
║       - Operation 1: 43359264.000 pJ                                                               ║
║       - Operation 2: 10464451.200 pJ                                                               ║
║       - Operation 3: 82397.700 pJ                                                                  ║
║   - Batch 17:                                                                                      ║
║     Total Energy: 324873850.500 pJ                                                                 ║
║     Off-chip Memory Energy: 95508000.000 pJ                                                        ║
║     On-chip Memory Energy: 164912889.600 pJ                                                        ║
║     Operations Energy:                                                                             ║
║       - Operation 0: 10546848.000 pJ                                                               ║
║       - Operation 1: 43359264.000 pJ                                                               ║
║       - Operation 2: 10464451.200 pJ                                                               ║
║       - Operation 3: 82397.700 pJ                                                                  ║
║   - Batch 18:                                                                                      ║
║     Total Energy: 310398409.860 pJ                                                                 ║
║     Off-chip Memory Energy: 79699200.000 pJ                                                        ║
║     On-chip Memory Energy: 166246248.960 pJ                                                        ║
║     Operations Energy:                                                                             ║
║       - Operation 0: 10546848.000 pJ                                                               ║
║       - Operation 1: 43359264.000 pJ                                                               ║
║       - Operation 2: 10464451.200 pJ                                                               ║
║       - Operation 3: 82397.700 pJ                                                                  ║
║   - Batch 19:                                                                                      ║
║     Total Energy: 565095403.140 pJ                                                                 ║
║     Off-chip Memory Energy: 357856800.000 pJ                                                       ║
║     On-chip Memory Energy: 142785642.240 pJ                                                        ║
║     Operations Energy:                                                                             ║
║       - Operation 0: 10546848.000 pJ                                                               ║
║       - Operation 1: 43359264.000 pJ                                                               ║
║       - Operation 2: 10464451.200 pJ                                                               ║
║       - Operation 3: 82397.700 pJ                                                                  ║
╚════════════════════════════════════════════════════════════════════════════════════════════════════╝
(Time elapsed(s) in energy estimation:   0.004197sec)
